
  .   ____          _            __ _ _
 /\\ / ___'_ __ _ _(_)_ __  __ _ \ \ \ \
( ( )\___ | '_ | '_| | '_ \/ _` | \ \ \ \
 \\/  ___)| |_)| | | | | || (_| |  ) ) ) )
  '  |____| .__|_| |_|_| |_\__, | / / / /
 =========|_|==============|___/=/_/_/_/

 :: Spring Boot ::                (v4.0.6)

2026-07-28T09:53:29.265+03:00  INFO 19932 --- [           main] c.y.rag_backend.RagBackendApplication    : Starting RagBackendApplication using Java 21.0.10 with PID 19932 (C:\Users\user80\Desktop\aichatbox\target\classes started by user80 in C:\Users\user80\Desktop\aichatbox)
2026-07-28T09:53:29.267+03:00  INFO 19932 --- [           main] c.y.rag_backend.RagBackendApplication    : No active profile set, falling back to 1 default profile: "default"
2026-07-28T09:53:29.850+03:00  INFO 19932 --- [           main] o.s.boot.tomcat.TomcatWebServer          : Tomcat initialized with port 8080 (http)
2026-07-28T09:53:29.858+03:00  INFO 19932 --- [           main] o.apache.catalina.core.StandardService   : Starting service [Tomcat]
2026-07-28T09:53:29.858+03:00  INFO 19932 --- [           main] o.apache.catalina.core.StandardEngine    : Starting Servlet engine: [Apache Tomcat/11.0.21]
2026-07-28T09:53:29.893+03:00  INFO 19932 --- [           main] b.w.c.s.WebApplicationContextInitializer : Root WebApplicationContext: initialization completed in 597 ms
2026-07-28T09:53:30.268+03:00  INFO 19932 --- [           main] o.s.boot.tomcat.TomcatWebServer          : Tomcat started on port 8080 (http) with context path '/'
2026-07-28T09:53:30.271+03:00  INFO 19932 --- [           main] c.y.rag_backend.RagBackendApplication    : Started RagBackendApplication in 1.246 seconds (process running for 1.465)
2026-07-28T09:53:38.946+03:00  INFO 19932 --- [nio-8080-exec-1] o.a.c.c.C.[Tomcat].[localhost].[/]       : Initializing Spring DispatcherServlet 'dispatcherServlet'
2026-07-28T09:53:38.946+03:00  INFO 19932 --- [nio-8080-exec-1] o.s.web.servlet.DispatcherServlet        : Initializing Servlet 'dispatcherServlet'
2026-07-28T09:53:38.947+03:00  INFO 19932 --- [nio-8080-exec-1] o.s.web.servlet.DispatcherServlet        : Completed initialization in 1 ms
2026-07-28T09:54:25.160+03:00  INFO 19932 --- [nio-8080-exec-3] o.apache.coyote.http11.Http11Processor   : Error parsing HTTP request header
 Note: further occurrences of HTTP request parsing errors will be logged at DEBUG level.

java.lang.IllegalArgumentException: Invalid character found in the request target [/locate/index-folder?path=C:\Users\user80\Desktop\dosyalar ]. The valid characters are defined in RFC 7230 and RFC 3986
	at org.apache.coyote.http11.Http11InputBuffer.parseRequestLine(Http11InputBuffer.java:466) ~[tomcat-embed-core-11.0.21.jar:11.0.21]
	at org.apache.coyote.http11.Http11Processor.service(Http11Processor.java:270) ~[tomcat-embed-core-11.0.21.jar:11.0.21]
	at org.apache.coyote.AbstractProcessorLight.process(AbstractProcessorLight.java:63) ~[tomcat-embed-core-11.0.21.jar:11.0.21]
	at org.apache.coyote.AbstractProtocol$ConnectionHandler.process(AbstractProtocol.java:903) ~[tomcat-embed-core-11.0.21.jar:11.0.21]
	at org.apache.tomcat.util.net.NioEndpoint$SocketProcessor.doRun(NioEndpoint.java:1801) ~[tomcat-embed-core-11.0.21.jar:11.0.21]
	at org.apache.tomcat.util.net.SocketProcessorBase.run(SocketProcessorBase.java:52) ~[tomcat-embed-core-11.0.21.jar:11.0.21]
	at org.apache.tomcat.util.threads.ThreadPoolExecutor.runWorker(ThreadPoolExecutor.java:946) ~[tomcat-embed-core-11.0.21.jar:11.0.21]
	at org.apache.tomcat.util.threads.ThreadPoolExecutor$Worker.run(ThreadPoolExecutor.java:480) ~[tomcat-embed-core-11.0.21.jar:11.0.21]
	at org.apache.tomcat.util.threads.TaskThread$WrappingRunnable.run(TaskThread.java:57) ~[tomcat-embed-core-11.0.21.jar:11.0.21]
	at java.base/java.lang.Thread.run(Thread.java:1583) ~[na:na]

2026-07-28T09:54:53.088+03:00  WARN 19932 --- [locate-indexing] org.apache.fontbox.ttf.CmapSubtable      : Format 14 cmap table is not supported and will be ignored
2026-07-28T09:55:38.118+03:00  WARN 19932 --- [locate-indexing] org.apache.fontbox.ttf.CmapSubtable      : Format 14 cmap table is not supported and will be ignored
2026-07-28T09:56:59.054+03:00  WARN 19932 --- [locate-indexing] org.apache.pdfbox.pdfparser.COSParser    : The end of the stream doesn't point to the correct offset, using workaround to read the stream, stream start position: 10253, length: 16875, expected end position: 27128
2026-07-28T09:56:59.055+03:00  WARN 19932 --- [locate-indexing] org.apache.pdfbox.pdfparser.COSParser    : The end of the stream doesn't point to the correct offset, using workaround to read the stream, stream start position: 27356, length: 77616, expected end position: 104972
2026-07-28T09:56:59.060+03:00  WARN 19932 --- [locate-indexing] org.apache.pdfbox.pdfparser.COSParser    : The end of the stream doesn't point to the correct offset, using workaround to read the stream, stream start position: 105203, length: 16875, expected end position: 122078
2026-07-28T09:57:23.685+03:00  WARN 19932 --- [locate-indexing] org.apache.pdfbox.pdfparser.COSParser    : The end of the stream doesn't point to the correct offset, using workaround to read the stream, stream start position: 6852, length: 16875, expected end position: 23727
2026-07-28T09:57:23.686+03:00  WARN 19932 --- [locate-indexing] org.apache.pdfbox.pdfparser.COSParser    : The end of the stream doesn't point to the correct offset, using workaround to read the stream, stream start position: 23954, length: 40500, expected end position: 64454
2026-07-28T09:57:31.867+03:00  WARN 19932 --- [locate-indexing] org.apache.pdfbox.pdfparser.COSParser    : The end of the stream doesn't point to the correct offset, using workaround to read the stream, stream start position: 11362, length: 16875, expected end position: 28237
2026-07-28T09:57:31.868+03:00  WARN 19932 --- [locate-indexing] org.apache.pdfbox.pdfparser.COSParser    : The end of the stream doesn't point to the correct offset, using workaround to read the stream, stream start position: 28465, length: 77616, expected end position: 106081
2026-07-28T09:57:31.875+03:00  WARN 19932 --- [locate-indexing] org.apache.pdfbox.pdfparser.COSParser    : The end of the stream doesn't point to the correct offset, using workaround to read the stream, stream start position: 106312, length: 16875, expected end position: 123187
2026-07-28T09:57:42.191+03:00  WARN 19932 --- [locate-indexing] org.apache.fontbox.ttf.PostScriptTable   : No PostScript name data is provided for the font KMIWMY+BaiJamjuree-Regular
2026-07-28T09:57:42.305+03:00  WARN 19932 --- [locate-indexing] org.apache.fontbox.ttf.PostScriptTable   : No PostScript name data is provided for the font NGYOCS+BaiJamjuree-Bold
2026-07-28T09:57:42.311+03:00  WARN 19932 --- [locate-indexing] org.apache.fontbox.ttf.PostScriptTable   : No PostScript name data is provided for the font QPTCSM+BaiJamjuree-SemiBold
2026-07-28T09:57:42.317+03:00  WARN 19932 --- [locate-indexing] org.apache.fontbox.ttf.PostScriptTable   : No PostScript name data is provided for the font NQIKCS+BaiJamjuree-Italic
2026-07-28T09:57:52.355+03:00  WARN 19932 --- [locate-indexing] org.apache.fontbox.ttf.CmapSubtable      : Format 14 cmap table is not supported and will be ignored
2026-07-28T09:57:59.605+03:00  WARN 19932 --- [locate-indexing] org.apache.fontbox.ttf.CmapSubtable      : Format 14 cmap table is not supported and will be ignored
2026-07-28T09:57:59.621+03:00  WARN 19932 --- [locate-indexing] org.apache.fontbox.ttf.CmapSubtable      : Format 14 cmap table is not supported and will be ignored
2026-07-28T09:58:46.107+03:00  WARN 19932 --- [locate-indexing] org.apache.fontbox.ttf.PostScriptTable   : No PostScript name data is provided for the font KTRLQY+BaiJamjuree-Regular
2026-07-28T09:58:46.217+03:00  WARN 19932 --- [locate-indexing] org.apache.fontbox.ttf.PostScriptTable   : No PostScript name data is provided for the font CZSPIO+BaiJamjuree-Bold
2026-07-28T09:59:03.834+03:00  WARN 19932 --- [locate-indexing] org.apache.pdfbox.pdfparser.COSParser    : The end of the stream doesn't point to the correct offset, using workaround to read the stream, stream start position: 6559, length: 16875, expected end position: 23434
2026-07-28T09:59:03.834+03:00  WARN 19932 --- [locate-indexing] org.apache.pdfbox.pdfparser.COSParser    : The end of the stream doesn't point to the correct offset, using workaround to read the stream, stream start position: 23661, length: 40500, expected end position: 64161
2026-07-28T09:59:06.059+03:00  WARN 19932 --- [locate-indexing] org.apache.fontbox.ttf.PostScriptTable   : No PostScript name data is provided for the font HSPMNJ+BaiJamjuree-Regular
2026-07-28T09:59:06.169+03:00  WARN 19932 --- [locate-indexing] org.apache.fontbox.ttf.PostScriptTable   : No PostScript name data is provided for the font RZRZXP+BaiJamjuree-Bold
2026-07-28T09:59:39.032+03:00  WARN 19932 --- [locate-indexing] o.a.pdfbox.pdmodel.font.PDSimpleFont     : No Unicode mapping for .notdef (0) in font AAAAAB+HelveticaLTMM_1_1000
2026-07-28T09:59:44.118+03:00  WARN 19932 --- [locate-indexing] org.apache.fontbox.ttf.PostScriptTable   : No PostScript name data is provided for the font MIUSUZ+BaiJamjuree-Regular
2026-07-28T09:59:44.223+03:00  WARN 19932 --- [locate-indexing] org.apache.fontbox.ttf.PostScriptTable   : No PostScript name data is provided for the font TIINOL+BaiJamjuree-Bold
2026-07-28T10:00:04.552+03:00  WARN 19932 --- [locate-indexing] org.apache.pdfbox.pdfparser.COSParser    : The end of the stream doesn't point to the correct offset, using workaround to read the stream, stream start position: 6723, length: 16875, expected end position: 23598
2026-07-28T10:00:04.552+03:00  WARN 19932 --- [locate-indexing] org.apache.pdfbox.pdfparser.COSParser    : The end of the stream doesn't point to the correct offset, using workaround to read the stream, stream start position: 23825, length: 40500, expected end position: 64325
2026-07-28T10:00:18.159+03:00  WARN 19932 --- [locate-indexing] org.apache.fontbox.ttf.PostScriptTable   : No PostScript name data is provided for the font VMBTEY+BaiJamjuree-Regular
2026-07-28T10:00:18.259+03:00  WARN 19932 --- [locate-indexing] org.apache.fontbox.ttf.PostScriptTable   : No PostScript name data is provided for the font AOQCWO+BaiJamjuree-Bold
2026-07-28T10:00:32.987+03:00  WARN 19932 --- [locate-indexing] org.apache.fontbox.ttf.CmapSubtable      : Format 14 cmap table is not supported and will be ignored
2026-07-28T10:00:43.395+03:00  WARN 19932 --- [locate-indexing] o.a.pdfbox.pdmodel.font.PDSimpleFont     : No Unicode mapping for .notdef (0) in font AAAAAB+HelveticaLTMM_1_1000
2026-07-28T10:01:43.563+03:00  WARN 19932 --- [locate-indexing] org.apache.pdfbox.pdfparser.COSParser    : The end of the stream doesn't point to the correct offset, using workaround to read the stream, stream start position: 8162, length: 16875, expected end position: 25037
2026-07-28T10:01:43.563+03:00  WARN 19932 --- [locate-indexing] org.apache.pdfbox.pdfparser.COSParser    : The end of the stream doesn't point to the correct offset, using workaround to read the stream, stream start position: 25265, length: 77616, expected end position: 102881
2026-07-28T10:01:43.670+03:00  WARN 19932 --- [locate-indexing] org.apache.pdfbox.pdfparser.COSParser    : The end of the stream doesn't point to the correct offset, using workaround to read the stream, stream start position: 13535, length: 16875, expected end position: 30410
2026-07-28T10:01:43.671+03:00  WARN 19932 --- [locate-indexing] org.apache.pdfbox.pdfparser.COSParser    : The end of the stream doesn't point to the correct offset, using workaround to read the stream, stream start position: 30638, length: 77616, expected end position: 108254
2026-07-28T10:01:43.678+03:00  WARN 19932 --- [locate-indexing] org.apache.pdfbox.pdfparser.COSParser    : The end of the stream doesn't point to the correct offset, using workaround to read the stream, stream start position: 108485, length: 16875, expected end position: 125360
2026-07-28T10:01:43.889+03:00  WARN 19932 --- [locate-indexing] org.apache.pdfbox.pdfparser.COSParser    : The end of the stream doesn't point to the correct offset, using workaround to read the stream, stream start position: 10490, length: 16875, expected end position: 27365
2026-07-28T10:01:43.890+03:00  WARN 19932 --- [locate-indexing] org.apache.pdfbox.pdfparser.COSParser    : The end of the stream doesn't point to the correct offset, using workaround to read the stream, stream start position: 27593, length: 77616, expected end position: 105209
2026-07-28T10:01:43.896+03:00  WARN 19932 --- [locate-indexing] org.apache.pdfbox.pdfparser.COSParser    : The end of the stream doesn't point to the correct offset, using workaround to read the stream, stream start position: 105440, length: 16875, expected end position: 122315
2026-07-28T10:02:06.781+03:00  WARN 19932 --- [locate-indexing] org.apache.pdfbox.pdfparser.COSParser    : The end of the stream doesn't point to the correct offset, using workaround to read the stream, stream start position: 6453, length: 16875, expected end position: 23328
2026-07-28T10:02:06.782+03:00  WARN 19932 --- [locate-indexing] org.apache.pdfbox.pdfparser.COSParser    : The end of the stream doesn't point to the correct offset, using workaround to read the stream, stream start position: 23555, length: 40500, expected end position: 64055
2026-07-28T10:02:13.471+03:00  WARN 19932 --- [locate-indexing] org.apache.pdfbox.pdfparser.COSParser    : The end of the stream doesn't point to the correct offset, using workaround to read the stream, stream start position: 6437, length: 16875, expected end position: 23312
2026-07-28T10:02:13.471+03:00  WARN 19932 --- [locate-indexing] org.apache.pdfbox.pdfparser.COSParser    : The end of the stream doesn't point to the correct offset, using workaround to read the stream, stream start position: 23539, length: 25800, expected end position: 49339
2026-07-28T10:02:14.655+03:00  WARN 19932 --- [locate-indexing] org.apache.fontbox.ttf.PostScriptTable   : No PostScript name data is provided for the font RYRDDG+BaiJamjuree-Regular
2026-07-28T10:02:14.766+03:00  WARN 19932 --- [locate-indexing] org.apache.fontbox.ttf.PostScriptTable   : No PostScript name data is provided for the font WVGHVW+BaiJamjuree-Bold
2026-07-28T10:02:14.766+03:00  WARN 19932 --- [locate-indexing] org.apache.fontbox.ttf.PostScriptTable   : No PostScript name data is provided for the font LJYPXS+BaiJamjuree-SemiBold
2026-07-28T10:02:27.773+03:00  WARN 19932 --- [locate-indexing] o.a.pdfbox.pdmodel.font.PDSimpleFont     : No Unicode mapping for f_i (27) in font HXBOGF+MyriadPro-Cond
2026-07-28T10:02:27.779+03:00  WARN 19932 --- [locate-indexing] o.a.pdfbox.pdmodel.font.PDSimpleFont     : No Unicode mapping for f_i (26) in font YZSMKX+MyriadPro-BoldCond
2026-07-28T10:02:33.703+03:00  WARN 19932 --- [locate-indexing] o.a.pdfbox.pdmodel.font.PDSimpleFont     : No Unicode mapping for .notdef (2) in font CXOYBI+Symbol
2026-07-28T10:02:33.721+03:00  WARN 19932 --- [locate-indexing] o.a.pdfbox.pdmodel.font.PDSimpleFont     : No Unicode mapping for box3 (1) in font KPSHBO+Wingdings
2026-07-28T10:08:01.297+03:00  WARN 19932 --- [locate-indexing] org.apache.fontbox.ttf.CmapSubtable      : Format 14 cmap table is not supported and will be ignored
2026-07-28T10:08:03.873+03:00  WARN 19932 --- [locate-indexing] org.apache.fontbox.ttf.CmapSubtable      : Format 14 cmap table is not supported and will be ignored
2026-07-28T10:08:04.271+03:00  WARN 19932 --- [locate-indexing] org.apache.fontbox.ttf.CmapSubtable      : Format 14 cmap table is not supported and will be ignored
2026-07-28T10:08:04.774+03:00  WARN 19932 --- [locate-indexing] org.apache.fontbox.ttf.CmapSubtable      : Format 14 cmap table is not supported and will be ignored
2026-07-28T10:08:04.991+03:00  WARN 19932 --- [locate-indexing] org.apache.fontbox.ttf.CmapSubtable      : Format 14 cmap table is not supported and will be ignored
2026-07-28T10:08:05.785+03:00  WARN 19932 --- [locate-indexing] org.apache.fontbox.ttf.CmapSubtable      : Format 14 cmap table is not supported and will be ignored
2026-07-28T10:08:06.321+03:00  WARN 19932 --- [locate-indexing] org.apache.fontbox.ttf.CmapSubtable      : Format 14 cmap table is not supported and will be ignored
2026-07-28T10:08:07.871+03:00  WARN 19932 --- [locate-indexing] org.apache.fontbox.ttf.CmapSubtable      : Format 14 cmap table is not supported and will be ignored
2026-07-28T10:08:08.174+03:00  WARN 19932 --- [locate-indexing] org.apache.fontbox.ttf.CmapSubtable      : Format 14 cmap table is not supported and will be ignored
2026-07-28T10:08:09.066+03:00  WARN 19932 --- [locate-indexing] org.apache.fontbox.ttf.CmapSubtable      : Format 14 cmap table is not supported and will be ignored
2026-07-28T10:08:09.617+03:00  WARN 19932 --- [locate-indexing] org.apache.fontbox.ttf.CmapSubtable      : Format 14 cmap table is not supported and will be ignored
2026-07-28T10:08:12.709+03:00  WARN 19932 --- [locate-indexing] org.apache.fontbox.ttf.CmapSubtable      : Format 14 cmap table is not supported and will be ignored
2026-07-28T10:08:13.920+03:00  WARN 19932 --- [locate-indexing] org.apache.fontbox.ttf.CmapSubtable      : Format 14 cmap table is not supported and will be ignored
2026-07-28T10:08:15.763+03:00  WARN 19932 --- [locate-indexing] org.apache.fontbox.ttf.CmapSubtable      : Format 14 cmap table is not supported and will be ignored
2026-07-28T10:08:15.958+03:00  WARN 19932 --- [locate-indexing] org.apache.fontbox.ttf.CmapSubtable      : Format 14 cmap table is not supported and will be ignored
2026-07-28T10:08:16.706+03:00  WARN 19932 --- [locate-indexing] org.apache.fontbox.ttf.CmapSubtable      : Format 14 cmap table is not supported and will be ignored
2026-07-28T10:08:17.807+03:00  WARN 19932 --- [locate-indexing] org.apache.fontbox.ttf.CmapSubtable      : Format 14 cmap table is not supported and will be ignored
2026-07-28T10:08:17.807+03:00  WARN 19932 --- [locate-indexing] org.apache.fontbox.ttf.CmapSubtable      : Format 14 cmap table is not supported and will be ignored
2026-07-28T10:08:20.498+03:00  WARN 19932 --- [locate-indexing] org.apache.fontbox.ttf.CmapSubtable      : Format 14 cmap table is not supported and will be ignored
2026-07-28T10:08:21.083+03:00  WARN 19932 --- [locate-indexing] org.apache.fontbox.ttf.CmapSubtable      : Format 14 cmap table is not supported and will be ignored
2026-07-28T10:08:21.739+03:00  WARN 19932 --- [locate-indexing] org.apache.fontbox.ttf.CmapSubtable      : Format 14 cmap table is not supported and will be ignored
2026-07-28T10:08:21.740+03:00  WARN 19932 --- [locate-indexing] org.apache.fontbox.ttf.CmapSubtable      : Format 14 cmap table is not supported and will be ignored
2026-07-28T10:08:22.095+03:00  WARN 19932 --- [locate-indexing] org.apache.fontbox.ttf.CmapSubtable      : Format 14 cmap table is not supported and will be ignored
2026-07-28T10:08:22.261+03:00  WARN 19932 --- [locate-indexing] org.apache.fontbox.ttf.CmapSubtable      : Format 14 cmap table is not supported and will be ignored
2026-07-28T10:08:23.154+03:00  WARN 19932 --- [locate-indexing] org.apache.fontbox.ttf.CmapSubtable      : Format 14 cmap table is not supported and will be ignored
2026-07-28T10:08:23.575+03:00  WARN 19932 --- [locate-indexing] org.apache.fontbox.ttf.CmapSubtable      : Format 14 cmap table is not supported and will be ignored
2026-07-28T10:08:24.189+03:00  WARN 19932 --- [locate-indexing] org.apache.fontbox.ttf.CmapSubtable      : Format 14 cmap table is not supported and will be ignored
2026-07-28T10:08:24.329+03:00  WARN 19932 --- [locate-indexing] o.a.pdfbox.pdmodel.font.PDSimpleFont     : No Unicode mapping for .notdef (13) in font Arial,Bold
2026-07-28T10:08:27.468+03:00  WARN 19932 --- [locate-indexing] org.apache.fontbox.ttf.CmapSubtable      : Format 14 cmap table is not supported and will be ignored
2026-07-28T10:08:28.113+03:00  WARN 19932 --- [locate-indexing] org.apache.fontbox.ttf.CmapSubtable      : Format 14 cmap table is not supported and will be ignored
2026-07-28T10:08:28.315+03:00  WARN 19932 --- [locate-indexing] org.apache.fontbox.ttf.CmapSubtable      : Format 14 cmap table is not supported and will be ignored
2026-07-28T10:08:28.403+03:00  WARN 19932 --- [locate-indexing] org.apache.fontbox.ttf.CmapSubtable      : Format 14 cmap table is not supported and will be ignored
2026-07-28T10:08:28.621+03:00  WARN 19932 --- [locate-indexing] org.apache.fontbox.ttf.CmapSubtable      : Format 14 cmap table is not supported and will be ignored
2026-07-28T10:08:28.925+03:00  WARN 19932 --- [locate-indexing] org.apache.fontbox.ttf.CmapSubtable      : Format 14 cmap table is not supported and will be ignored
2026-07-28T10:08:29.040+03:00  WARN 19932 --- [locate-indexing] org.apache.fontbox.ttf.CmapSubtable      : Format 14 cmap table is not supported and will be ignored
2026-07-28T10:08:29.411+03:00  WARN 19932 --- [locate-indexing] org.apache.fontbox.ttf.CmapSubtable      : Format 14 cmap table is not supported and will be ignored
2026-07-28T10:08:29.852+03:00  WARN 19932 --- [locate-indexing] org.apache.fontbox.ttf.CmapSubtable      : Format 14 cmap table is not supported and will be ignored
2026-07-28T10:08:30.064+03:00  WARN 19932 --- [locate-indexing] org.apache.fontbox.ttf.CmapSubtable      : Format 14 cmap table is not supported and will be ignored
2026-07-28T10:08:33.907+03:00  WARN 19932 --- [locate-indexing] o.a.pdfbox.pdmodel.font.PDTrueTypeFont   : Using fallback font Arial-BoldMT for Helvetica,Bold
2026-07-28T10:08:35.131+03:00  WARN 19932 --- [locate-indexing] org.apache.fontbox.ttf.CmapSubtable      : Format 14 cmap table is not supported and will be ignored
2026-07-28T10:08:35.715+03:00  WARN 19932 --- [locate-indexing] org.apache.fontbox.ttf.CmapSubtable      : Format 14 cmap table is not supported and will be ignored
2026-07-28T10:08:36.039+03:00  WARN 19932 --- [locate-indexing] org.apache.fontbox.ttf.CmapSubtable      : Format 14 cmap table is not supported and will be ignored
2026-07-28T10:08:36.040+03:00  WARN 19932 --- [locate-indexing] org.apache.fontbox.ttf.CmapSubtable      : Format 14 cmap table is not supported and will be ignored
2026-07-28T10:08:36.220+03:00  WARN 19932 --- [locate-indexing] org.apache.fontbox.ttf.CmapSubtable      : Format 14 cmap table is not supported and will be ignored
2026-07-28T10:08:36.524+03:00  WARN 19932 --- [locate-indexing] org.apache.fontbox.ttf.CmapSubtable      : Format 14 cmap table is not supported and will be ignored
2026-07-28T10:08:36.709+03:00  WARN 19932 --- [locate-indexing] org.apache.fontbox.ttf.CmapSubtable      : Format 14 cmap table is not supported and will be ignored
2026-07-28T10:08:36.798+03:00  WARN 19932 --- [locate-indexing] org.apache.pdfbox.pdfparser.COSParser    : The end of the stream doesn't point to the correct offset, using workaround to read the stream, stream start position: 8238, length: 16875, expected end position: 25113
2026-07-28T10:08:36.799+03:00  WARN 19932 --- [locate-indexing] org.apache.pdfbox.pdfparser.COSParser    : The end of the stream doesn't point to the correct offset, using workaround to read the stream, stream start position: 25340, length: 40500, expected end position: 65840
2026-07-28T10:08:36.878+03:00  WARN 19932 --- [locate-indexing] org.apache.fontbox.ttf.CmapSubtable      : Format 14 cmap table is not supported and will be ignored
2026-07-28T10:08:37.093+03:00  WARN 19932 --- [locate-indexing] org.apache.fontbox.ttf.CmapSubtable      : Format 14 cmap table is not supported and will be ignored
2026-07-28T10:08:37.309+03:00  WARN 19932 --- [locate-indexing] org.apache.fontbox.ttf.CmapSubtable      : Format 14 cmap table is not supported and will be ignored
2026-07-28T10:08:37.847+03:00  WARN 19932 --- [locate-indexing] org.apache.fontbox.ttf.CmapSubtable      : Format 14 cmap table is not supported and will be ignored
2026-07-28T10:08:38.489+03:00  WARN 19932 --- [locate-indexing] org.apache.fontbox.ttf.CmapSubtable      : Format 14 cmap table is not supported and will be ignored
2026-07-28T10:08:38.862+03:00  WARN 19932 --- [locate-indexing] org.apache.fontbox.ttf.PostScriptTable   : No PostScript name data is provided for the font SymbolMT
2026-07-28T10:08:38.922+03:00  WARN 19932 --- [locate-indexing] org.apache.fontbox.ttf.CmapSubtable      : Format 14 cmap table is not supported and will be ignored
2026-07-28T10:08:39.142+03:00  WARN 19932 --- [locate-indexing] org.apache.fontbox.ttf.PostScriptTable   : No PostScript name data is provided for the font ArialNarrow-Bold
2026-07-28T10:08:39.224+03:00  WARN 19932 --- [locate-indexing] org.apache.fontbox.ttf.PostScriptTable   : No PostScript name data is provided for the font CenturyGothic
2026-07-28T10:08:39.260+03:00  WARN 19932 --- [locate-indexing] org.apache.fontbox.ttf.PostScriptTable   : No PostScript name data is provided for the font CenturyGothic
2026-07-28T10:08:41.482+03:00  WARN 19932 --- [locate-indexing] org.apache.fontbox.ttf.CmapSubtable      : Format 14 cmap table is not supported and will be ignored
2026-07-28T10:08:41.500+03:00  WARN 19932 --- [locate-indexing] org.apache.fontbox.ttf.CmapSubtable      : Format 14 cmap table is not supported and will be ignored
2026-07-28T10:08:41.664+03:00  WARN 19932 --- [locate-indexing] org.apache.fontbox.ttf.CmapSubtable      : Format 14 cmap table is not supported and will be ignored
2026-07-28T10:08:41.851+03:00  WARN 19932 --- [locate-indexing] org.apache.fontbox.ttf.CmapSubtable      : Format 14 cmap table is not supported and will be ignored
2026-07-28T10:08:42.314+03:00  WARN 19932 --- [locate-indexing] org.apache.fontbox.ttf.CmapSubtable      : Format 14 cmap table is not supported and will be ignored
2026-07-28T10:08:42.546+03:00  WARN 19932 --- [locate-indexing] org.apache.fontbox.ttf.CmapSubtable      : Format 14 cmap table is not supported and will be ignored
2026-07-28T10:08:43.570+03:00  WARN 19932 --- [locate-indexing] org.apache.fontbox.ttf.CmapSubtable      : Format 14 cmap table is not supported and will be ignored
2026-07-28T10:08:43.586+03:00  WARN 19932 --- [locate-indexing] org.apache.fontbox.ttf.CmapSubtable      : Format 14 cmap table is not supported and will be ignored
2026-07-28T10:08:43.796+03:00  WARN 19932 --- [locate-indexing] org.apache.fontbox.ttf.CmapSubtable      : Format 14 cmap table is not supported and will be ignored
2026-07-28T10:08:44.663+03:00  WARN 19932 --- [locate-indexing] org.apache.fontbox.ttf.CmapSubtable      : Format 14 cmap table is not supported and will be ignored
2026-07-28T10:08:45.126+03:00  WARN 19932 --- [locate-indexing] org.apache.fontbox.ttf.CmapSubtable      : Format 14 cmap table is not supported and will be ignored
2026-07-28T10:08:47.021+03:00  WARN 19932 --- [locate-indexing] org.apache.fontbox.ttf.CmapSubtable      : Format 14 cmap table is not supported and will be ignored
2026-07-28T10:08:54.173+03:00  WARN 19932 --- [locate-indexing] org.apache.fontbox.ttf.CmapSubtable      : Format 14 cmap table is not supported and will be ignored
2026-07-28T10:08:54.428+03:00  WARN 19932 --- [locate-indexing] org.apache.fontbox.ttf.CmapSubtable      : Format 14 cmap table is not supported and will be ignored
2026-07-28T10:08:55.682+03:00  WARN 19932 --- [locate-indexing] org.apache.fontbox.ttf.CmapSubtable      : Format 14 cmap table is not supported and will be ignored
2026-07-28T10:08:55.683+03:00  WARN 19932 --- [locate-indexing] org.apache.fontbox.ttf.CmapSubtable      : Format 14 cmap table is not supported and will be ignored
2026-07-28T10:08:56.129+03:00  WARN 19932 --- [locate-indexing] org.apache.fontbox.ttf.CmapSubtable      : Format 14 cmap table is not supported and will be ignored
2026-07-28T10:08:56.267+03:00  WARN 19932 --- [locate-indexing] org.apache.fontbox.ttf.CmapSubtable      : Format 14 cmap table is not supported and will be ignored
2026-07-28T10:08:56.452+03:00  WARN 19932 --- [locate-indexing] org.apache.fontbox.ttf.CmapSubtable      : Format 14 cmap table is not supported and will be ignored
2026-07-28T10:08:56.857+03:00  WARN 19932 --- [locate-indexing] org.apache.fontbox.ttf.CmapSubtable      : Format 14 cmap table is not supported and will be ignored
2026-07-28T10:08:57.037+03:00  WARN 19932 --- [locate-indexing] org.apache.fontbox.ttf.CmapSubtable      : Format 14 cmap table is not supported and will be ignored
2026-07-28T10:08:57.242+03:00  WARN 19932 --- [locate-indexing] org.apache.fontbox.ttf.CmapSubtable      : Format 14 cmap table is not supported and will be ignored
2026-07-28T10:08:57.703+03:00  WARN 19932 --- [locate-indexing] org.apache.fontbox.ttf.CmapSubtable      : Format 14 cmap table is not supported and will be ignored
2026-07-28T10:08:57.704+03:00  WARN 19932 --- [locate-indexing] org.apache.fontbox.ttf.CmapSubtable      : Format 14 cmap table is not supported and will be ignored
2026-07-28T10:08:58.504+03:00  WARN 19932 --- [locate-indexing] org.apache.fontbox.ttf.CmapSubtable      : Format 14 cmap table is not supported and will be ignored
2026-07-28T10:08:59.632+03:00  WARN 19932 --- [locate-indexing] org.apache.fontbox.ttf.CmapSubtable      : Format 14 cmap table is not supported and will be ignored
2026-07-28T10:08:59.786+03:00  WARN 19932 --- [locate-indexing] org.apache.fontbox.ttf.CmapSubtable      : Format 14 cmap table is not supported and will be ignored
2026-07-28T10:09:00.293+03:00  WARN 19932 --- [locate-indexing] org.apache.fontbox.ttf.CmapSubtable      : Format 14 cmap table is not supported and will be ignored
2026-07-28T10:09:00.482+03:00  WARN 19932 --- [locate-indexing] org.apache.fontbox.ttf.CmapSubtable      : Format 14 cmap table is not supported and will be ignored
2026-07-28T10:09:00.691+03:00  WARN 19932 --- [locate-indexing] org.apache.pdfbox.pdfparser.COSParser    : The end of the stream doesn't point to the correct offset, using workaround to read the stream, stream start position: 317687, length: 1982, expected end position: 319669
2026-07-28T10:09:00.697+03:00  WARN 19932 --- [locate-indexing] org.apache.pdfbox.pdfparser.COSParser    : The end of the stream doesn't point to the correct offset, using workaround to read the stream, stream start position: 318244, length: 467, expected end position: 318711
2026-07-28T10:09:00.698+03:00  WARN 19932 --- [locate-indexing] org.apache.pdfbox.pdfparser.COSParser    : The end of the stream doesn't point to the correct offset, using workaround to read the stream, stream start position: 318747, length: 970, expected end position: 319717
2026-07-28T10:09:01.420+03:00  WARN 19932 --- [locate-indexing] org.apache.fontbox.ttf.CmapSubtable      : Format 14 cmap table is not supported and will be ignored
2026-07-28T10:09:01.925+03:00  WARN 19932 --- [locate-indexing] org.apache.fontbox.ttf.CmapSubtable      : Format 14 cmap table is not supported and will be ignored
2026-07-28T10:09:02.392+03:00  WARN 19932 --- [locate-indexing] org.apache.fontbox.ttf.CmapSubtable      : Format 14 cmap table is not supported and will be ignored
2026-07-28T10:09:02.501+03:00  WARN 19932 --- [locate-indexing] org.apache.fontbox.ttf.CmapSubtable      : Format 14 cmap table is not supported and will be ignored
2026-07-28T10:09:02.779+03:00  WARN 19932 --- [locate-indexing] org.apache.fontbox.ttf.CmapSubtable      : Format 14 cmap table is not supported and will be ignored
2026-07-28T10:09:03.564+03:00  WARN 19932 --- [locate-indexing] org.apache.fontbox.ttf.CmapSubtable      : Format 14 cmap table is not supported and will be ignored
2026-07-28T10:09:05.061+03:00  WARN 19932 --- [locate-indexing] o.a.pdfbox.pdmodel.font.PDTrueTypeFont   : Using fallback font Arial-BoldMT for Helvetica,Bold
2026-07-28T10:09:08.365+03:00  WARN 19932 --- [locate-indexing] org.apache.fontbox.ttf.CmapSubtable      : Format 14 cmap table is not supported and will be ignored
2026-07-28T10:09:10.784+03:00  WARN 19932 --- [locate-indexing] org.apache.fontbox.ttf.CmapSubtable      : Format 14 cmap table is not supported and will be ignored
2026-07-28T10:09:11.012+03:00  WARN 19932 --- [locate-indexing] org.apache.fontbox.ttf.CmapSubtable      : Format 14 cmap table is not supported and will be ignored
2026-07-28T10:09:11.013+03:00  WARN 19932 --- [locate-indexing] org.apache.fontbox.ttf.CmapSubtable      : Format 14 cmap table is not supported and will be ignored
2026-07-28T10:09:11.298+03:00  WARN 19932 --- [locate-indexing] org.apache.fontbox.ttf.CmapSubtable      : Format 14 cmap table is not supported and will be ignored
2026-07-28T10:09:12.179+03:00  WARN 19932 --- [locate-indexing] org.apache.fontbox.ttf.CmapSubtable      : Format 14 cmap table is not supported and will be ignored
2026-07-28T10:09:12.425+03:00  WARN 19932 --- [locate-indexing] org.apache.fontbox.ttf.CmapSubtable      : Format 14 cmap table is not supported and will be ignored
2026-07-28T10:09:12.622+03:00  WARN 19932 --- [locate-indexing] org.apache.fontbox.ttf.CmapSubtable      : Format 14 cmap table is not supported and will be ignored
2026-07-28T10:09:12.752+03:00  WARN 19932 --- [locate-indexing] org.apache.fontbox.ttf.CmapSubtable      : Format 14 cmap table is not supported and will be ignored
2026-07-28T10:09:12.939+03:00  WARN 19932 --- [locate-indexing] org.apache.fontbox.ttf.CmapSubtable      : Format 14 cmap table is not supported and will be ignored
2026-07-28T10:09:13.003+03:00  WARN 19932 --- [locate-indexing] org.apache.fontbox.ttf.PostScriptTable   : No PostScript name data is provided for the font SymbolMT
2026-07-28T10:09:13.073+03:00  WARN 19932 --- [locate-indexing] org.apache.fontbox.ttf.CmapSubtable      : Format 14 cmap table is not supported and will be ignored
2026-07-28T10:09:14.546+03:00  WARN 19932 --- [locate-indexing] org.apache.fontbox.ttf.CmapSubtable      : Format 14 cmap table is not supported and will be ignored
2026-07-28T10:09:14.929+03:00  WARN 19932 --- [locate-indexing] org.apache.fontbox.ttf.CmapSubtable      : Format 14 cmap table is not supported and will be ignored
2026-07-28T10:09:15.058+03:00  WARN 19932 --- [locate-indexing] org.apache.fontbox.ttf.CmapSubtable      : Format 14 cmap table is not supported and will be ignored
2026-07-28T10:09:16.738+03:00  WARN 19932 --- [locate-indexing] org.apache.fontbox.ttf.CmapSubtable      : Format 14 cmap table is not supported and will be ignored
2026-07-28T10:09:21.311+03:00  WARN 19932 --- [locate-indexing] org.apache.fontbox.ttf.CmapSubtable      : Format 14 cmap table is not supported and will be ignored
2026-07-28T10:09:25.165+03:00  WARN 19932 --- [locate-indexing] org.apache.fontbox.ttf.CmapSubtable      : Format 14 cmap table is not supported and will be ignored
2026-07-28T10:09:26.371+03:00  WARN 19932 --- [locate-indexing] org.apache.fontbox.ttf.CmapSubtable      : Format 14 cmap table is not supported and will be ignored
2026-07-28T10:09:27.055+03:00  WARN 19932 --- [locate-indexing] org.apache.fontbox.ttf.CmapSubtable      : Format 14 cmap table is not supported and will be ignored
2026-07-28T10:09:28.427+03:00  WARN 19932 --- [locate-indexing] o.a.pdfbox.pdmodel.font.PDSimpleFont     : No Unicode mapping for 71 (43) in font AAAAAR+TimesNewRomanPSMT
2026-07-28T10:09:28.513+03:00  WARN 19932 --- [locate-indexing] o.a.pdfbox.pdmodel.font.PDSimpleFont     : No Unicode mapping for 83 (35) in font AAAACP+TimesNewRomanPSMT
2026-07-28T10:09:34.734+03:00  WARN 19932 --- [locate-indexing] o.a.pdfbox.pdmodel.font.PDSimpleFont     : No Unicode mapping for .notdef (0) in font AAAAAN+ArialMT
2026-07-28T10:09:38.238+03:00  WARN 19932 --- [locate-indexing] o.a.pdfbox.pdmodel.font.PDTrueTypeFont   : Using fallback font Arial-BoldMT for Helvetica,Bold
2026-07-28T10:09:48.406+03:00  WARN 19932 --- [locate-indexing] org.apache.fontbox.ttf.PostScriptTable   : No PostScript name data is provided for the font HYDJGA+BaiJamjuree-Regular
2026-07-28T10:09:48.517+03:00  WARN 19932 --- [locate-indexing] org.apache.fontbox.ttf.PostScriptTable   : No PostScript name data is provided for the font OYREAM+BaiJamjuree-Bold
2026-07-28T10:09:50.082+03:00  WARN 19932 --- [locate-indexing] org.apache.fontbox.ttf.PostScriptTable   : No PostScript name data is provided for the font SymbolMT
2026-07-28T10:09:53.109+03:00  WARN 19932 --- [locate-indexing] org.apache.fontbox.ttf.PostScriptTable   : No PostScript name data is provided for the font YFRFNX+BaiJamjuree-Regular
2026-07-28T10:09:53.216+03:00  WARN 19932 --- [locate-indexing] org.apache.fontbox.ttf.PostScriptTable   : No PostScript name data is provided for the font TFIGAH+BaiJamjuree-Bold
2026-07-28T10:09:53.234+03:00  WARN 19932 --- [locate-indexing] org.apache.fontbox.ttf.PostScriptTable   : No PostScript name data is provided for the font HNKYJF+BaiJamjuree-Italic
2026-07-28T10:09:56.248+03:00  WARN 19932 --- [locate-indexing] org.apache.fontbox.ttf.PostScriptTable   : No PostScript name data is provided for the font RYRGAL+BaiJamjuree-Regular
2026-07-28T10:09:56.357+03:00  WARN 19932 --- [locate-indexing] org.apache.fontbox.ttf.PostScriptTable   : No PostScript name data is provided for the font AGJNWT+BaiJamjuree-Bold
2026-07-28T10:09:58.043+03:00  WARN 19932 --- [locate-indexing] org.apache.fontbox.ttf.PostScriptTable   : No PostScript name data is provided for the font XFEUZZ+BaiJamjuree-Regular
2026-07-28T10:09:58.148+03:00  WARN 19932 --- [locate-indexing] org.apache.fontbox.ttf.PostScriptTable   : No PostScript name data is provided for the font OZSXDR+BaiJamjuree-Bold
2026-07-28T10:09:58.152+03:00  WARN 19932 --- [locate-indexing] org.apache.fontbox.ttf.PostScriptTable   : No PostScript name data is provided for the font OBETYR+BaiJamjuree-SemiBold
2026-07-28T10:10:00.834+03:00  WARN 19932 --- [locate-indexing] org.apache.fontbox.ttf.PostScriptTable   : No PostScript name data is provided for the font BWOKWW+BaiJamjuree-Regular
2026-07-28T10:10:00.940+03:00  WARN 19932 --- [locate-indexing] org.apache.fontbox.ttf.PostScriptTable   : No PostScript name data is provided for the font CNAQKU+BaiJamjuree-Bold
2026-07-28T10:10:00.944+03:00  WARN 19932 --- [locate-indexing] org.apache.fontbox.ttf.PostScriptTable   : No PostScript name data is provided for the font JCYCEG+BaiJamjuree-SemiBold
2026-07-28T10:10:02.444+03:00  WARN 19932 --- [locate-indexing] org.apache.fontbox.ttf.PostScriptTable   : No PostScript name data is provided for the font BBELNW+BaiJamjuree-Regular
2026-07-28T10:10:02.557+03:00  WARN 19932 --- [locate-indexing] org.apache.fontbox.ttf.PostScriptTable   : No PostScript name data is provided for the font GDTUFM+BaiJamjuree-Bold
2026-07-28T10:10:03.905+03:00  WARN 19932 --- [locate-indexing] org.apache.fontbox.ttf.PostScriptTable   : No PostScript name data is provided for the font BPGGFB+BaiJamjuree-Regular
2026-07-28T10:10:04.014+03:00  WARN 19932 --- [locate-indexing] org.apache.fontbox.ttf.PostScriptTable   : No PostScript name data is provided for the font PCGRTZ+BaiJamjuree-Bold
2026-07-28T10:10:05.952+03:00  WARN 19932 --- [locate-indexing] org.apache.fontbox.ttf.CmapSubtable      : Format 14 cmap table is not supported and will be ignored
2026-07-28T10:10:06.476+03:00  WARN 19932 --- [locate-indexing] org.apache.fontbox.ttf.CmapSubtable      : Format 14 cmap table is not supported and will be ignored
2026-07-28T10:10:06.747+03:00  WARN 19932 --- [locate-indexing] org.apache.fontbox.ttf.CmapSubtable      : Format 14 cmap table is not supported and will be ignored
2026-07-28T10:10:06.834+03:00  WARN 19932 --- [locate-indexing] org.apache.fontbox.ttf.CmapSubtable      : Format 14 cmap table is not supported and will be ignored
2026-07-28T10:10:06.935+03:00  WARN 19932 --- [locate-indexing] o.a.pdfbox.pdmodel.font.PDTrueTypeFont   : Using fallback font Arial-BoldMT for Helvetica,Bold
2026-07-28T10:10:08.516+03:00  WARN 19932 --- [locate-indexing] org.apache.fontbox.ttf.PostScriptTable   : No PostScript name data is provided for the font Calibri-Bold
2026-07-28T10:10:08.516+03:00  WARN 19932 --- [locate-indexing] org.apache.fontbox.ttf.PostScriptTable   : No PostScript name data is provided for the font Calibri-Bold
2026-07-28T10:10:08.516+03:00  WARN 19932 --- [locate-indexing] org.apache.fontbox.ttf.PostScriptTable   : No PostScript name data is provided for the font Calibri-BoldItalic
2026-07-28T10:10:08.517+03:00  WARN 19932 --- [locate-indexing] org.apache.fontbox.ttf.PostScriptTable   : No PostScript name data is provided for the font Calibri-BoldItalic
2026-07-28T10:10:08.517+03:00  WARN 19932 --- [locate-indexing] org.apache.fontbox.ttf.PostScriptTable   : No PostScript name data is provided for the font ArialNarrow-Bold
2026-07-28T10:10:08.517+03:00  WARN 19932 --- [locate-indexing] org.apache.fontbox.ttf.PostScriptTable   : No PostScript name data is provided for the font ArialNarrow-Bold
2026-07-28T10:10:08.517+03:00  WARN 19932 --- [locate-indexing] org.apache.fontbox.ttf.PostScriptTable   : No PostScript name data is provided for the font ArialNarrow
2026-07-28T10:10:08.518+03:00  WARN 19932 --- [locate-indexing] org.apache.fontbox.ttf.PostScriptTable   : No PostScript name data is provided for the font ArialNarrow
2026-07-28T10:10:08.518+03:00  WARN 19932 --- [locate-indexing] org.apache.fontbox.ttf.PostScriptTable   : No PostScript name data is provided for the font ArialNarrow
2026-07-28T10:10:08.525+03:00  WARN 19932 --- [locate-indexing] org.apache.fontbox.ttf.PostScriptTable   : No PostScript name data is provided for the font Calibri
2026-07-28T10:10:08.525+03:00  WARN 19932 --- [locate-indexing] org.apache.fontbox.ttf.PostScriptTable   : No PostScript name data is provided for the font MicrosoftSansSerif
2026-07-28T10:10:08.525+03:00  WARN 19932 --- [locate-indexing] org.apache.fontbox.ttf.PostScriptTable   : No PostScript name data is provided for the font MicrosoftSansSerif
2026-07-28T10:10:08.908+03:00  WARN 19932 --- [locate-indexing] org.apache.pdfbox.pdfparser.COSParser    : The end of the stream doesn't point to the correct offset, using workaround to read the stream, stream start position: 6477, length: 16875, expected end position: 23352
2026-07-28T10:10:08.908+03:00  WARN 19932 --- [locate-indexing] org.apache.pdfbox.pdfparser.COSParser    : The end of the stream doesn't point to the correct offset, using workaround to read the stream, stream start position: 23580, length: 77616, expected end position: 101196
2026-07-28T10:10:08.908+03:00  WARN 19932 --- [locate-indexing] org.apache.pdfbox.pdfparser.COSParser    : The end of the stream doesn't point to the correct offset, using workaround to read the stream, stream start position: 101429, length: 67950, expected end position: 169379
2026-07-28T10:10:12.220+03:00  WARN 19932 --- [locate-indexing] org.apache.pdfbox.pdfparser.COSParser    : The end of the stream doesn't point to the correct offset, using workaround to read the stream, stream start position: 7878, length: 16875, expected end position: 24753
2026-07-28T10:10:12.221+03:00  WARN 19932 --- [locate-indexing] org.apache.pdfbox.pdfparser.COSParser    : The end of the stream doesn't point to the correct offset, using workaround to read the stream, stream start position: 24981, length: 77616, expected end position: 102597
2026-07-28T10:10:12.221+03:00  WARN 19932 --- [locate-indexing] org.apache.pdfbox.pdfparser.COSParser    : The end of the stream doesn't point to the correct offset, using workaround to read the stream, stream start position: 102830, length: 67950, expected end position: 170780
2026-07-28T10:10:13.221+03:00  WARN 19932 --- [locate-indexing] org.apache.fontbox.ttf.CmapSubtable      : Format 14 cmap table is not supported and will be ignored
2026-07-28T10:10:17.565+03:00  WARN 19932 --- [locate-indexing] org.apache.pdfbox.pdfparser.COSParser    : The end of the stream doesn't point to the correct offset, using workaround to read the stream, stream start position: 6946, length: 16875, expected end position: 23821
2026-07-28T10:10:17.569+03:00  WARN 19932 --- [locate-indexing] org.apache.pdfbox.pdfparser.COSParser    : The end of the stream doesn't point to the correct offset, using workaround to read the stream, stream start position: 24048, length: 40500, expected end position: 64548
2026-07-28T10:10:17.569+03:00  WARN 19932 --- [locate-indexing] org.apache.pdfbox.pdfparser.COSParser    : The end of the stream doesn't point to the correct offset, using workaround to read the stream, stream start position: 64776, length: 64200, expected end position: 128976
2026-07-28T10:10:18.375+03:00  WARN 19932 --- [locate-indexing] org.apache.fontbox.ttf.CmapSubtable      : Format 14 cmap table is not supported and will be ignored
2026-07-28T10:10:19.855+03:00  WARN 19932 --- [locate-indexing] org.apache.pdfbox.pdfparser.COSParser    : The end of the stream doesn't point to the correct offset, using workaround to read the stream, stream start position: 5280, length: 16875, expected end position: 22155
2026-07-28T10:10:19.855+03:00  WARN 19932 --- [locate-indexing] org.apache.pdfbox.pdfparser.COSParser    : The end of the stream doesn't point to the correct offset, using workaround to read the stream, stream start position: 22383, length: 77616, expected end position: 99999
2026-07-28T10:10:19.855+03:00  WARN 19932 --- [locate-indexing] org.apache.pdfbox.pdfparser.COSParser    : The end of the stream doesn't point to the correct offset, using workaround to read the stream, stream start position: 100232, length: 67950, expected end position: 168182
2026-07-28T10:10:19.885+03:00  WARN 19932 --- [locate-indexing] org.apache.pdfbox.pdfparser.COSParser    : The end of the stream doesn't point to the correct offset, using workaround to read the stream, stream start position: 6684, length: 16875, expected end position: 23559
2026-07-28T10:10:19.885+03:00  WARN 19932 --- [locate-indexing] org.apache.pdfbox.pdfparser.COSParser    : The end of the stream doesn't point to the correct offset, using workaround to read the stream, stream start position: 23786, length: 25800, expected end position: 49586
2026-07-28T10:10:20.901+03:00  WARN 19932 --- [locate-indexing] org.apache.fontbox.ttf.CmapSubtable      : Format 14 cmap table is not supported and will be ignored
2026-07-28T10:10:21.263+03:00  WARN 19932 --- [locate-indexing] org.apache.fontbox.ttf.CmapSubtable      : Format 14 cmap table is not supported and will be ignored
2026-07-28T10:10:21.463+03:00  WARN 19932 --- [locate-indexing] org.apache.fontbox.ttf.CmapSubtable      : Format 14 cmap table is not supported and will be ignored
2026-07-28T10:10:22.944+03:00  WARN 19932 --- [locate-indexing] org.apache.fontbox.ttf.CmapSubtable      : Format 14 cmap table is not supported and will be ignored
2026-07-28T10:10:23.157+03:00  WARN 19932 --- [locate-indexing] org.apache.fontbox.ttf.CmapSubtable      : Format 14 cmap table is not supported and will be ignored
2026-07-28T10:10:25.072+03:00  WARN 19932 --- [locate-indexing] org.apache.fontbox.ttf.CmapSubtable      : Format 14 cmap table is not supported and will be ignored
2026-07-28T10:10:25.073+03:00  WARN 19932 --- [locate-indexing] org.apache.fontbox.ttf.CmapSubtable      : Format 14 cmap table is not supported and will be ignored
2026-07-28T10:10:26.078+03:00  WARN 19932 --- [locate-indexing] org.apache.fontbox.ttf.CmapSubtable      : Format 14 cmap table is not supported and will be ignored
2026-07-28T10:10:26.536+03:00  WARN 19932 --- [locate-indexing] org.apache.pdfbox.pdfparser.COSParser    : The end of the stream doesn't point to the correct offset, using workaround to read the stream, stream start position: 5048, length: 18000, expected end position: 23048
2026-07-28T10:10:26.540+03:00  WARN 19932 --- [locate-indexing] org.apache.pdfbox.pdfparser.COSParser    : The end of the stream doesn't point to the correct offset, using workaround to read the stream, stream start position: 23275, length: 25800, expected end position: 49075
2026-07-28T10:10:26.772+03:00  WARN 19932 --- [locate-indexing] org.apache.fontbox.ttf.CmapSubtable      : Format 14 cmap table is not supported and will be ignored
2026-07-28T10:10:28.204+03:00  WARN 19932 --- [locate-indexing] org.apache.fontbox.ttf.PostScriptTable   : No PostScript name data is provided for the font FEFDEDBB832-Roman
2026-07-28T10:10:28.205+03:00  WARN 19932 --- [locate-indexing] org.apache.fontbox.ttf.PostScriptTable   : No PostScript name data is provided for the font FEFB01AB139-Roman
2026-07-28T10:10:28.510+03:00  WARN 19932 --- [locate-indexing] org.apache.fontbox.ttf.CmapSubtable      : Format 14 cmap table is not supported and will be ignored
2026-07-28T10:10:28.703+03:00  WARN 19932 --- [locate-indexing] org.apache.fontbox.ttf.CmapSubtable      : Format 14 cmap table is not supported and will be ignored
2026-07-28T10:10:28.922+03:00  WARN 19932 --- [locate-indexing] org.apache.fontbox.ttf.CmapSubtable      : Format 14 cmap table is not supported and will be ignored
2026-07-28T10:10:30.540+03:00  WARN 19932 --- [locate-indexing] org.apache.fontbox.ttf.CmapSubtable      : Format 14 cmap table is not supported and will be ignored
2026-07-28T10:10:30.798+03:00  WARN 19932 --- [locate-indexing] org.apache.fontbox.ttf.CmapSubtable      : Format 14 cmap table is not supported and will be ignored
2026-07-28T10:10:43.630+03:00  WARN 19932 --- [locate-indexing] org.apache.fontbox.ttf.CmapSubtable      : Format 14 cmap table is not supported and will be ignored
2026-07-28T10:10:44.605+03:00  WARN 19932 --- [locate-indexing] org.apache.fontbox.ttf.CmapSubtable      : Format 14 cmap table is not supported and will be ignored
2026-07-28T10:10:45.268+03:00  WARN 19932 --- [locate-indexing] org.apache.fontbox.ttf.CmapSubtable      : Format 14 cmap table is not supported and will be ignored
2026-07-28T10:10:45.432+03:00  WARN 19932 --- [locate-indexing] org.apache.fontbox.ttf.CmapSubtable      : Format 14 cmap table is not supported and will be ignored
2026-07-28T10:10:45.844+03:00  WARN 19932 --- [locate-indexing] org.apache.fontbox.ttf.CmapSubtable      : Format 14 cmap table is not supported and will be ignored
2026-07-28T10:10:46.900+03:00  WARN 19932 --- [locate-indexing] org.apache.fontbox.ttf.CmapSubtable      : Format 14 cmap table is not supported and will be ignored
2026-07-28T10:10:47.288+03:00  WARN 19932 --- [locate-indexing] org.apache.fontbox.ttf.CmapSubtable      : Format 14 cmap table is not supported and will be ignored
2026-07-28T10:10:47.506+03:00  WARN 19932 --- [locate-indexing] org.apache.fontbox.ttf.CmapSubtable      : Format 14 cmap table is not supported and will be ignored
2026-07-28T10:10:48.217+03:00  WARN 19932 --- [locate-indexing] org.apache.fontbox.ttf.CmapSubtable      : Format 14 cmap table is not supported and will be ignored
2026-07-28T10:10:48.947+03:00  WARN 19932 --- [locate-indexing] org.apache.fontbox.ttf.CmapSubtable      : Format 14 cmap table is not supported and will be ignored
2026-07-28T10:10:49.299+03:00  WARN 19932 --- [locate-indexing] org.apache.pdfbox.pdfparser.COSParser    : The end of the stream doesn't point to the correct offset, using workaround to read the stream, stream start position: 19502, length: 16875, expected end position: 36377
2026-07-28T10:10:49.299+03:00  WARN 19932 --- [locate-indexing] org.apache.pdfbox.pdfparser.COSParser    : The end of the stream doesn't point to the correct offset, using workaround to read the stream, stream start position: 36605, length: 77616, expected end position: 114221
2026-07-28T10:10:49.299+03:00  WARN 19932 --- [locate-indexing] org.apache.pdfbox.pdfparser.COSParser    : The end of the stream doesn't point to the correct offset, using workaround to read the stream, stream start position: 114454, length: 67950, expected end position: 182404
2026-07-28T10:10:49.305+03:00  WARN 19932 --- [locate-indexing] org.apache.pdfbox.pdfparser.COSParser    : The end of the stream doesn't point to the correct offset, using workaround to read the stream, stream start position: 182635, length: 16875, expected end position: 199510
2026-07-28T10:10:49.310+03:00  WARN 19932 --- [locate-indexing] org.apache.pdfbox.pdfparser.COSParser    : The end of the stream doesn't point to the correct offset, using workaround to read the stream, stream start position: 199736, length: 16875, expected end position: 216611
2026-07-28T10:10:49.341+03:00  WARN 19932 --- [locate-indexing] org.apache.pdfbox.pdfparser.COSParser    : The end of the stream doesn't point to the correct offset, using workaround to read the stream, stream start position: 23254, length: 16875, expected end position: 40129
2026-07-28T10:10:49.341+03:00  WARN 19932 --- [locate-indexing] org.apache.pdfbox.pdfparser.COSParser    : The end of the stream doesn't point to the correct offset, using workaround to read the stream, stream start position: 40356, length: 25800, expected end position: 66156
2026-07-28T10:10:49.349+03:00  WARN 19932 --- [locate-indexing] org.apache.pdfbox.pdfparser.COSParser    : The end of the stream doesn't point to the correct offset, using workaround to read the stream, stream start position: 66382, length: 16875, expected end position: 83257
2026-07-28T10:10:49.349+03:00  WARN 19932 --- [locate-indexing] org.apache.pdfbox.pdfparser.COSParser    : The end of the stream doesn't point to the correct offset, using workaround to read the stream, stream start position: 83483, length: 16875, expected end position: 100358
2026-07-28T10:10:49.390+03:00  WARN 19932 --- [locate-indexing] org.apache.pdfbox.pdfparser.COSParser    : The end of the stream doesn't point to the correct offset, using workaround to read the stream, stream start position: 13852, length: 16875, expected end position: 30727
2026-07-28T10:10:49.390+03:00  WARN 19932 --- [locate-indexing] org.apache.pdfbox.pdfparser.COSParser    : The end of the stream doesn't point to the correct offset, using workaround to read the stream, stream start position: 30954, length: 25800, expected end position: 56754
2026-07-28T10:10:49.396+03:00  WARN 19932 --- [locate-indexing] org.apache.pdfbox.pdfparser.COSParser    : The end of the stream doesn't point to the correct offset, using workaround to read the stream, stream start position: 56980, length: 16875, expected end position: 73855
2026-07-28T10:10:50.982+03:00  WARN 19932 --- [locate-indexing] org.apache.fontbox.ttf.CmapSubtable      : Format 14 cmap table is not supported and will be ignored
2026-07-28T10:10:51.307+03:00  WARN 19932 --- [locate-indexing] o.a.pdfbox.pdmodel.font.PDTrueTypeFont   : Using fallback font Arial-BoldMT for Helvetica,Bold
2026-07-28T10:10:51.355+03:00  WARN 19932 --- [locate-indexing] o.a.pdfbox.pdmodel.font.PDTrueTypeFont   : Using fallback font Arial-BoldMT for Helvetica,Bold
2026-07-28T10:10:54.635+03:00  WARN 19932 --- [locate-indexing] org.apache.fontbox.ttf.PostScriptTable   : No PostScript name data is provided for the font SymbolMT
2026-07-28T10:11:01.373+03:00  WARN 19932 --- [locate-indexing] org.apache.fontbox.ttf.CmapSubtable      : Format 14 cmap table is not supported and will be ignored
2026-07-28T10:11:01.379+03:00  WARN 19932 --- [locate-indexing] org.apache.fontbox.ttf.CmapSubtable      : Format 14 cmap table is not supported and will be ignored
2026-07-28T10:11:02.627+03:00  WARN 19932 --- [locate-indexing] org.apache.pdfbox.pdfparser.COSParser    : Invalid stream length: 0, stream start position: 2793464
2026-07-28T10:11:02.627+03:00  WARN 19932 --- [locate-indexing] org.apache.pdfbox.pdfparser.COSParser    : Invalid stream length: 0, stream start position: 3004086
2026-07-28T10:11:02.648+03:00  WARN 19932 --- [locate-indexing] org.apache.fontbox.ttf.CmapSubtable      : Format 14 cmap table is not supported and will be ignored
2026-07-28T10:11:03.107+03:00  WARN 19932 --- [locate-indexing] o.a.pdfbox.pdmodel.font.PDSimpleFont     : No Unicode mapping for 31 (55) in font AAAAAC+Calibri-Light
2026-07-28T10:11:03.108+03:00  WARN 19932 --- [locate-indexing] o.a.pdfbox.pdmodel.font.PDSimpleFont     : No Unicode mapping for 43 (45) in font AAAAAE+Arial-BoldMT
2026-07-28T10:11:03.109+03:00  WARN 19932 --- [locate-indexing] o.a.pdfbox.pdmodel.font.PDSimpleFont     : No Unicode mapping for 30 (71) in font AAAAAC+Calibri-Light
2026-07-28T10:11:03.466+03:00  WARN 19932 --- [locate-indexing] org.apache.fontbox.ttf.CmapSubtable      : Format 14 cmap table is not supported and will be ignored
2026-07-28T10:11:04.846+03:00  WARN 19932 --- [locate-indexing] org.apache.pdfbox.pdfparser.COSParser    : The end of the stream doesn't point to the correct offset, using workaround to read the stream, stream start position: 5888, length: 18000, expected end position: 23888
2026-07-28T10:11:04.849+03:00  WARN 19932 --- [locate-indexing] org.apache.pdfbox.pdfparser.COSParser    : The end of the stream doesn't point to the correct offset, using workaround to read the stream, stream start position: 10930, length: 25800, expected end position: 36730
2026-07-28T10:11:04.920+03:00  WARN 19932 --- [locate-indexing] org.apache.fontbox.ttf.PostScriptTable   : No PostScript name data is provided for the font SymbolMT
2026-07-28T10:11:09.141+03:00  WARN 19932 --- [locate-indexing] org.apache.fontbox.ttf.CmapSubtable      : Format 14 cmap table is not supported and will be ignored
[ERROR] Failed to execute goal org.springframework.boot:spring-boot-maven-plugin:4.0.6:run (default-cli) on project rag-backend: Process terminated with exit code: 1 -> [Help 1]
[ERROR] 
[ERROR] To see the full stack trace of the errors, re-run Maven with the -e switch.
[ERROR] Re-run Maven using the -X switch to enable full debug logging.
[ERROR] 
[ERROR] For more information about the errors and possible solutions, please read the following articles:
[ERROR] [Help 1] http://cwiki.apache.org/confluence/display/MAVEN/MojoExecutionException
