
  .   ____          _            __ _ _
 /\\ / ___'_ __ _ _(_)_ __  __ _ \ \ \ \
( ( )\___ | '_ | '_| | '_ \/ _` | \ \ \ \
 \\/  ___)| |_)| | | | | || (_| |  ) ) ) )
  '  |____| .__|_| |_|_| |_\__, | / / / /
 =========|_|==============|___/=/_/_/_/

 :: Spring Boot ::                (v4.0.6)

2026-07-28T10:36:34.475+03:00  INFO 5824 --- [           main] c.y.rag_backend.RagBackendApplication    : Starting RagBackendApplication using Java 21.0.10 with PID 5824 (C:\Users\user80\Desktop\aichatbox\target\classes started by user80 in C:\Users\user80\Desktop\aichatbox)
2026-07-28T10:36:34.478+03:00  INFO 5824 --- [           main] c.y.rag_backend.RagBackendApplication    : No active profile set, falling back to 1 default profile: "default"
2026-07-28T10:36:35.073+03:00  INFO 5824 --- [           main] o.s.boot.tomcat.TomcatWebServer          : Tomcat initialized with port 8080 (http)
2026-07-28T10:36:35.089+03:00  INFO 5824 --- [           main] o.apache.catalina.core.StandardService   : Starting service [Tomcat]
2026-07-28T10:36:35.089+03:00  INFO 5824 --- [           main] o.apache.catalina.core.StandardEngine    : Starting Servlet engine: [Apache Tomcat/11.0.21]
2026-07-28T10:36:35.120+03:00  INFO 5824 --- [           main] b.w.c.s.WebApplicationContextInitializer : Root WebApplicationContext: initialization completed in 619 ms
2026-07-28T10:36:35.508+03:00  INFO 5824 --- [           main] o.s.boot.tomcat.TomcatWebServer          : Tomcat started on port 8080 (http) with context path '/'
2026-07-28T10:36:35.508+03:00  INFO 5824 --- [           main] c.y.rag_backend.RagBackendApplication    : Started RagBackendApplication in 1.288 seconds (process running for 1.547)
2026-07-28T10:36:35.567+03:00  INFO 5824 --- [nio-8080-exec-1] o.a.c.c.C.[Tomcat].[localhost].[/]       : Initializing Spring DispatcherServlet 'dispatcherServlet'
2026-07-28T10:36:35.567+03:00  INFO 5824 --- [nio-8080-exec-1] o.s.web.servlet.DispatcherServlet        : Initializing Servlet 'dispatcherServlet'
2026-07-28T10:36:35.567+03:00  INFO 5824 --- [nio-8080-exec-1] o.s.web.servlet.DispatcherServlet        : Completed initialization in 0 ms
2026-07-28T10:36:50.917+03:00  WARN 5824 --- [ bulk-ingestion] org.apache.fontbox.ttf.CmapSubtable      : Format 14 cmap table is not supported and will be ignored
2026-07-28T10:37:01.442+03:00  WARN 5824 --- [locate-indexing] org.apache.fontbox.ttf.CmapSubtable      : Format 14 cmap table is not supported and will be ignored
2026-07-28T10:37:52.804+03:00  WARN 5824 --- [ bulk-ingestion] org.apache.fontbox.ttf.CmapSubtable      : Format 14 cmap table is not supported and will be ignored
2026-07-28T10:38:13.458+03:00  WARN 5824 --- [locate-indexing] org.apache.fontbox.ttf.CmapSubtable      : Format 14 cmap table is not supported and will be ignored
2026-07-28T10:39:45.509+03:00  WARN 5824 --- [ bulk-ingestion] org.apache.pdfbox.pdfparser.COSParser    : The end of the stream doesn't point to the correct offset, using workaround to read the stream, stream start position: 10253, length: 16875, expected end position: 27128
2026-07-28T10:39:45.509+03:00  WARN 5824 --- [ bulk-ingestion] org.apache.pdfbox.pdfparser.COSParser    : The end of the stream doesn't point to the correct offset, using workaround to read the stream, stream start position: 27356, length: 77616, expected end position: 104972
2026-07-28T10:39:45.514+03:00  WARN 5824 --- [ bulk-ingestion] org.apache.pdfbox.pdfparser.COSParser    : The end of the stream doesn't point to the correct offset, using workaround to read the stream, stream start position: 105203, length: 16875, expected end position: 122078
2026-07-28T10:39:45.515+03:00  WARN 5824 --- [ bulk-ingestion] org.apache.pdfbox.pdfparser.COSParser    : The end of the stream doesn't point to the correct offset, using workaround to read the stream, stream start position: 124875, length: 5625, expected end position: 130500
2026-07-28T10:39:45.515+03:00  WARN 5824 --- [ bulk-ingestion] org.apache.pdfbox.pdfparser.COSParser    : The end of the stream doesn't point to the correct offset, using workaround to read the stream, stream start position: 130703, length: 25872, expected end position: 156575
2026-07-28T10:39:45.515+03:00  WARN 5824 --- [ bulk-ingestion] org.apache.pdfbox.pdfparser.COSParser    : The end of the stream doesn't point to the correct offset, using workaround to read the stream, stream start position: 156780, length: 5625, expected end position: 162405
2026-07-28T10:40:01.598+03:00  WARN 5824 --- [locate-indexing] org.apache.pdfbox.pdfparser.COSParser    : The end of the stream doesn't point to the correct offset, using workaround to read the stream, stream start position: 10253, length: 16875, expected end position: 27128
2026-07-28T10:40:01.598+03:00  WARN 5824 --- [locate-indexing] org.apache.pdfbox.pdfparser.COSParser    : The end of the stream doesn't point to the correct offset, using workaround to read the stream, stream start position: 27356, length: 77616, expected end position: 104972
2026-07-28T10:40:01.604+03:00  WARN 5824 --- [locate-indexing] org.apache.pdfbox.pdfparser.COSParser    : The end of the stream doesn't point to the correct offset, using workaround to read the stream, stream start position: 105203, length: 16875, expected end position: 122078
2026-07-28T10:40:03.004+03:00  WARN 5824 --- [ bulk-ingestion] org.apache.pdfbox.pdfparser.COSParser    : The end of the stream doesn't point to the correct offset, using workaround to read the stream, stream start position: 6852, length: 16875, expected end position: 23727
2026-07-28T10:40:03.005+03:00  WARN 5824 --- [ bulk-ingestion] org.apache.pdfbox.pdfparser.COSParser    : The end of the stream doesn't point to the correct offset, using workaround to read the stream, stream start position: 23954, length: 40500, expected end position: 64454
2026-07-28T10:40:03.009+03:00  WARN 5824 --- [ bulk-ingestion] org.apache.pdfbox.pdfparser.COSParser    : The end of the stream doesn't point to the correct offset, using workaround to read the stream, stream start position: 67198, length: 5625, expected end position: 72823
2026-07-28T10:40:03.010+03:00  WARN 5824 --- [ bulk-ingestion] org.apache.pdfbox.pdfparser.COSParser    : The end of the stream doesn't point to the correct offset, using workaround to read the stream, stream start position: 73025, length: 13500, expected end position: 86525
2026-07-28T10:40:03.680+03:00  WARN 5824 --- [locate-indexing] org.apache.pdfbox.pdfparser.COSParser    : The end of the stream doesn't point to the correct offset, using workaround to read the stream, stream start position: 6852, length: 16875, expected end position: 23727
2026-07-28T10:40:03.681+03:00  WARN 5824 --- [locate-indexing] org.apache.pdfbox.pdfparser.COSParser    : The end of the stream doesn't point to the correct offset, using workaround to read the stream, stream start position: 23954, length: 40500, expected end position: 64454
2026-07-28T10:40:04.145+03:00  WARN 5824 --- [ bulk-ingestion] org.apache.pdfbox.pdfparser.COSParser    : The end of the stream doesn't point to the correct offset, using workaround to read the stream, stream start position: 11362, length: 16875, expected end position: 28237
2026-07-28T10:40:04.145+03:00  WARN 5824 --- [ bulk-ingestion] org.apache.pdfbox.pdfparser.COSParser    : The end of the stream doesn't point to the correct offset, using workaround to read the stream, stream start position: 28465, length: 77616, expected end position: 106081
2026-07-28T10:40:04.152+03:00  WARN 5824 --- [ bulk-ingestion] org.apache.pdfbox.pdfparser.COSParser    : The end of the stream doesn't point to the correct offset, using workaround to read the stream, stream start position: 106312, length: 16875, expected end position: 123187
2026-07-28T10:40:04.153+03:00  WARN 5824 --- [ bulk-ingestion] org.apache.pdfbox.pdfparser.COSParser    : The end of the stream doesn't point to the correct offset, using workaround to read the stream, stream start position: 126002, length: 5625, expected end position: 131627
2026-07-28T10:40:04.153+03:00  WARN 5824 --- [ bulk-ingestion] org.apache.pdfbox.pdfparser.COSParser    : The end of the stream doesn't point to the correct offset, using workaround to read the stream, stream start position: 131830, length: 25872, expected end position: 157702
2026-07-28T10:40:04.153+03:00  WARN 5824 --- [ bulk-ingestion] org.apache.pdfbox.pdfparser.COSParser    : The end of the stream doesn't point to the correct offset, using workaround to read the stream, stream start position: 157907, length: 5625, expected end position: 163532
2026-07-28T10:40:05.055+03:00  WARN 5824 --- [locate-indexing] org.apache.pdfbox.pdfparser.COSParser    : The end of the stream doesn't point to the correct offset, using workaround to read the stream, stream start position: 11362, length: 16875, expected end position: 28237
2026-07-28T10:40:05.056+03:00  WARN 5824 --- [locate-indexing] org.apache.pdfbox.pdfparser.COSParser    : The end of the stream doesn't point to the correct offset, using workaround to read the stream, stream start position: 28465, length: 77616, expected end position: 106081
2026-07-28T10:40:05.063+03:00  WARN 5824 --- [locate-indexing] org.apache.pdfbox.pdfparser.COSParser    : The end of the stream doesn't point to the correct offset, using workaround to read the stream, stream start position: 106312, length: 16875, expected end position: 123187
2026-07-28T10:40:06.738+03:00  WARN 5824 --- [locate-indexing] org.apache.fontbox.ttf.PostScriptTable   : No PostScript name data is provided for the font KMIWMY+BaiJamjuree-Regular
2026-07-28T10:40:06.852+03:00  WARN 5824 --- [locate-indexing] org.apache.fontbox.ttf.PostScriptTable   : No PostScript name data is provided for the font NGYOCS+BaiJamjuree-Bold
2026-07-28T10:40:06.858+03:00  WARN 5824 --- [locate-indexing] org.apache.fontbox.ttf.PostScriptTable   : No PostScript name data is provided for the font QPTCSM+BaiJamjuree-SemiBold
2026-07-28T10:40:06.876+03:00  WARN 5824 --- [locate-indexing] org.apache.fontbox.ttf.PostScriptTable   : No PostScript name data is provided for the font NQIKCS+BaiJamjuree-Italic
2026-07-28T10:40:07.023+03:00  WARN 5824 --- [ bulk-ingestion] org.apache.fontbox.ttf.PostScriptTable   : No PostScript name data is provided for the font KMIWMY+BaiJamjuree-Regular
2026-07-28T10:40:07.131+03:00  WARN 5824 --- [ bulk-ingestion] org.apache.fontbox.ttf.PostScriptTable   : No PostScript name data is provided for the font NGYOCS+BaiJamjuree-Bold
2026-07-28T10:40:07.136+03:00  WARN 5824 --- [ bulk-ingestion] org.apache.fontbox.ttf.PostScriptTable   : No PostScript name data is provided for the font QPTCSM+BaiJamjuree-SemiBold
2026-07-28T10:40:07.149+03:00  WARN 5824 --- [ bulk-ingestion] org.apache.fontbox.ttf.PostScriptTable   : No PostScript name data is provided for the font NQIKCS+BaiJamjuree-Italic
2026-07-28T10:40:08.384+03:00  WARN 5824 --- [locate-indexing] org.apache.fontbox.ttf.CmapSubtable      : Format 14 cmap table is not supported and will be ignored
2026-07-28T10:40:09.184+03:00  WARN 5824 --- [locate-indexing] org.apache.fontbox.ttf.CmapSubtable      : Format 14 cmap table is not supported and will be ignored
2026-07-28T10:40:09.185+03:00  WARN 5824 --- [locate-indexing] org.apache.fontbox.ttf.CmapSubtable      : Format 14 cmap table is not supported and will be ignored
2026-07-28T10:40:10.080+03:00  WARN 5824 --- [ bulk-ingestion] org.apache.fontbox.ttf.CmapSubtable      : Format 14 cmap table is not supported and will be ignored
2026-07-28T10:40:10.584+03:00  WARN 5824 --- [ bulk-ingestion] org.apache.pdfbox.pdfparser.BaseParser   : Empty COSName at offset 266626
2026-07-28T10:40:10.672+03:00  WARN 5824 --- [ bulk-ingestion] org.apache.pdfbox.pdfparser.BaseParser   : Empty COSName at offset 28073
2026-07-28T10:40:11.015+03:00  WARN 5824 --- [ bulk-ingestion] org.apache.fontbox.ttf.CmapSubtable      : Format 14 cmap table is not supported and will be ignored
2026-07-28T10:40:11.017+03:00  WARN 5824 --- [ bulk-ingestion] org.apache.fontbox.ttf.CmapSubtable      : Format 14 cmap table is not supported and will be ignored
2026-07-28T10:40:11.577+03:00  WARN 5824 --- [locate-indexing] org.apache.fontbox.ttf.PostScriptTable   : No PostScript name data is provided for the font KTRLQY+BaiJamjuree-Regular
2026-07-28T10:40:11.690+03:00  WARN 5824 --- [locate-indexing] org.apache.fontbox.ttf.PostScriptTable   : No PostScript name data is provided for the font CZSPIO+BaiJamjuree-Bold
2026-07-28T10:40:13.216+03:00  WARN 5824 --- [locate-indexing] org.apache.pdfbox.pdfparser.COSParser    : The end of the stream doesn't point to the correct offset, using workaround to read the stream, stream start position: 6559, length: 16875, expected end position: 23434
2026-07-28T10:40:13.217+03:00  WARN 5824 --- [locate-indexing] org.apache.pdfbox.pdfparser.COSParser    : The end of the stream doesn't point to the correct offset, using workaround to read the stream, stream start position: 23661, length: 40500, expected end position: 64161
2026-07-28T10:40:13.304+03:00  WARN 5824 --- [ bulk-ingestion] org.apache.fontbox.ttf.PostScriptTable   : No PostScript name data is provided for the font KTRLQY+BaiJamjuree-Regular
2026-07-28T10:40:13.433+03:00  WARN 5824 --- [ bulk-ingestion] org.apache.fontbox.ttf.PostScriptTable   : No PostScript name data is provided for the font CZSPIO+BaiJamjuree-Bold
2026-07-28T10:40:13.864+03:00  WARN 5824 --- [locate-indexing] org.apache.fontbox.ttf.PostScriptTable   : No PostScript name data is provided for the font HSPMNJ+BaiJamjuree-Regular
2026-07-28T10:40:13.988+03:00  WARN 5824 --- [locate-indexing] org.apache.fontbox.ttf.PostScriptTable   : No PostScript name data is provided for the font RZRZXP+BaiJamjuree-Bold
2026-07-28T10:40:15.240+03:00  WARN 5824 --- [ bulk-ingestion] org.apache.pdfbox.pdfparser.COSParser    : The end of the stream doesn't point to the correct offset, using workaround to read the stream, stream start position: 6559, length: 16875, expected end position: 23434
2026-07-28T10:40:15.240+03:00  WARN 5824 --- [ bulk-ingestion] org.apache.pdfbox.pdfparser.COSParser    : The end of the stream doesn't point to the correct offset, using workaround to read the stream, stream start position: 23661, length: 40500, expected end position: 64161
2026-07-28T10:40:15.245+03:00  WARN 5824 --- [ bulk-ingestion] org.apache.pdfbox.pdfparser.COSParser    : The end of the stream doesn't point to the correct offset, using workaround to read the stream, stream start position: 66923, length: 5625, expected end position: 72548
2026-07-28T10:40:15.245+03:00  WARN 5824 --- [ bulk-ingestion] org.apache.pdfbox.pdfparser.COSParser    : The end of the stream doesn't point to the correct offset, using workaround to read the stream, stream start position: 72750, length: 13500, expected end position: 86250
2026-07-28T10:40:15.806+03:00  WARN 5824 --- [locate-indexing] o.a.pdfbox.pdmodel.font.PDSimpleFont     : No Unicode mapping for .notdef (0) in font AAAAAB+HelveticaLTMM_1_1000
2026-07-28T10:40:15.888+03:00  WARN 5824 --- [ bulk-ingestion] org.apache.fontbox.ttf.PostScriptTable   : No PostScript name data is provided for the font HSPMNJ+BaiJamjuree-Regular
2026-07-28T10:40:15.992+03:00  WARN 5824 --- [ bulk-ingestion] org.apache.fontbox.ttf.PostScriptTable   : No PostScript name data is provided for the font RZRZXP+BaiJamjuree-Bold
2026-07-28T10:40:16.637+03:00  WARN 5824 --- [locate-indexing] org.apache.fontbox.ttf.PostScriptTable   : No PostScript name data is provided for the font MIUSUZ+BaiJamjuree-Regular
2026-07-28T10:40:16.744+03:00  WARN 5824 --- [locate-indexing] org.apache.fontbox.ttf.PostScriptTable   : No PostScript name data is provided for the font TIINOL+BaiJamjuree-Bold
2026-07-28T10:40:17.720+03:00  WARN 5824 --- [ bulk-ingestion] o.a.pdfbox.pdmodel.font.PDSimpleFont     : No Unicode mapping for .notdef (0) in font AAAAAB+HelveticaLTMM_1_1000
2026-07-28T10:40:18.290+03:00  WARN 5824 --- [locate-indexing] org.apache.pdfbox.pdfparser.COSParser    : The end of the stream doesn't point to the correct offset, using workaround to read the stream, stream start position: 6723, length: 16875, expected end position: 23598
2026-07-28T10:40:18.291+03:00  WARN 5824 --- [locate-indexing] org.apache.pdfbox.pdfparser.COSParser    : The end of the stream doesn't point to the correct offset, using workaround to read the stream, stream start position: 23825, length: 40500, expected end position: 64325
2026-07-28T10:40:18.742+03:00  WARN 5824 --- [ bulk-ingestion] org.apache.fontbox.ttf.PostScriptTable   : No PostScript name data is provided for the font MIUSUZ+BaiJamjuree-Regular
2026-07-28T10:40:18.857+03:00  WARN 5824 --- [ bulk-ingestion] org.apache.fontbox.ttf.PostScriptTable   : No PostScript name data is provided for the font TIINOL+BaiJamjuree-Bold
2026-07-28T10:40:19.269+03:00  WARN 5824 --- [locate-indexing] org.apache.fontbox.ttf.PostScriptTable   : No PostScript name data is provided for the font VMBTEY+BaiJamjuree-Regular
2026-07-28T10:40:19.386+03:00  WARN 5824 --- [locate-indexing] org.apache.fontbox.ttf.PostScriptTable   : No PostScript name data is provided for the font AOQCWO+BaiJamjuree-Bold
2026-07-28T10:40:20.356+03:00  WARN 5824 --- [ bulk-ingestion] org.apache.pdfbox.pdfparser.COSParser    : The end of the stream doesn't point to the correct offset, using workaround to read the stream, stream start position: 6723, length: 16875, expected end position: 23598
2026-07-28T10:40:20.356+03:00  WARN 5824 --- [ bulk-ingestion] org.apache.pdfbox.pdfparser.COSParser    : The end of the stream doesn't point to the correct offset, using workaround to read the stream, stream start position: 23825, length: 40500, expected end position: 64325
2026-07-28T10:40:20.361+03:00  WARN 5824 --- [ bulk-ingestion] org.apache.pdfbox.pdfparser.COSParser    : The end of the stream doesn't point to the correct offset, using workaround to read the stream, stream start position: 67086, length: 5625, expected end position: 72711
2026-07-28T10:40:20.361+03:00  WARN 5824 --- [ bulk-ingestion] org.apache.pdfbox.pdfparser.COSParser    : The end of the stream doesn't point to the correct offset, using workaround to read the stream, stream start position: 72913, length: 13500, expected end position: 86413
2026-07-28T10:40:20.487+03:00  WARN 5824 --- [locate-indexing] org.apache.fontbox.ttf.CmapSubtable      : Format 14 cmap table is not supported and will be ignored
2026-07-28T10:40:21.046+03:00  WARN 5824 --- [locate-indexing] o.a.pdfbox.pdmodel.font.PDSimpleFont     : No Unicode mapping for .notdef (0) in font AAAAAB+HelveticaLTMM_1_1000
2026-07-28T10:40:21.439+03:00  WARN 5824 --- [ bulk-ingestion] org.apache.fontbox.ttf.PostScriptTable   : No PostScript name data is provided for the font VMBTEY+BaiJamjuree-Regular
2026-07-28T10:40:21.545+03:00  WARN 5824 --- [ bulk-ingestion] org.apache.fontbox.ttf.PostScriptTable   : No PostScript name data is provided for the font AOQCWO+BaiJamjuree-Bold
2026-07-28T10:40:22.586+03:00  WARN 5824 --- [ bulk-ingestion] org.apache.fontbox.ttf.CmapSubtable      : Format 14 cmap table is not supported and will be ignored
2026-07-28T10:40:23.187+03:00  WARN 5824 --- [locate-indexing] o.apache.poi.xslf.usermodel.XSLFSheet    : shape id 0 has been already used.
2026-07-28T10:40:23.194+03:00  WARN 5824 --- [ bulk-ingestion] o.a.pdfbox.pdmodel.font.PDSimpleFont     : No Unicode mapping for .notdef (0) in font AAAAAB+HelveticaLTMM_1_1000
2026-07-28T10:40:25.451+03:00  WARN 5824 --- [locate-indexing] org.apache.pdfbox.pdfparser.COSParser    : The end of the stream doesn't point to the correct offset, using workaround to read the stream, stream start position: 8162, length: 16875, expected end position: 25037
2026-07-28T10:40:25.452+03:00  WARN 5824 --- [locate-indexing] org.apache.pdfbox.pdfparser.COSParser    : The end of the stream doesn't point to the correct offset, using workaround to read the stream, stream start position: 25265, length: 77616, expected end position: 102881
2026-07-28T10:40:25.483+03:00  WARN 5824 --- [locate-indexing] org.apache.pdfbox.pdfparser.COSParser    : The end of the stream doesn't point to the correct offset, using workaround to read the stream, stream start position: 13535, length: 16875, expected end position: 30410
2026-07-28T10:40:25.484+03:00  WARN 5824 --- [locate-indexing] org.apache.pdfbox.pdfparser.COSParser    : The end of the stream doesn't point to the correct offset, using workaround to read the stream, stream start position: 30638, length: 77616, expected end position: 108254
2026-07-28T10:40:25.494+03:00  WARN 5824 --- [locate-indexing] org.apache.pdfbox.pdfparser.COSParser    : The end of the stream doesn't point to the correct offset, using workaround to read the stream, stream start position: 108485, length: 16875, expected end position: 125360
2026-07-28T10:40:25.524+03:00  WARN 5824 --- [locate-indexing] org.apache.pdfbox.pdfparser.COSParser    : The end of the stream doesn't point to the correct offset, using workaround to read the stream, stream start position: 10490, length: 16875, expected end position: 27365
2026-07-28T10:40:25.524+03:00  WARN 5824 --- [locate-indexing] org.apache.pdfbox.pdfparser.COSParser    : The end of the stream doesn't point to the correct offset, using workaround to read the stream, stream start position: 27593, length: 77616, expected end position: 105209
2026-07-28T10:40:25.536+03:00  WARN 5824 --- [locate-indexing] org.apache.pdfbox.pdfparser.COSParser    : The end of the stream doesn't point to the correct offset, using workaround to read the stream, stream start position: 105440, length: 16875, expected end position: 122315
2026-07-28T10:40:25.771+03:00  WARN 5824 --- [ bulk-ingestion] o.apache.poi.xslf.usermodel.XSLFSheet    : shape id 0 has been already used.
2026-07-28T10:40:25.884+03:00  WARN 5824 --- [ bulk-ingestion] org.apache.pdfbox.pdfparser.COSParser    : The end of the stream doesn't point to the correct offset, using workaround to read the stream, stream start position: 6415, length: 16875, expected end position: 23290
2026-07-28T10:40:25.884+03:00  WARN 5824 --- [ bulk-ingestion] org.apache.pdfbox.pdfparser.COSParser    : The end of the stream doesn't point to the correct offset, using workaround to read the stream, stream start position: 23518, length: 77616, expected end position: 101134
2026-07-28T10:40:25.884+03:00  WARN 5824 --- [ bulk-ingestion] org.apache.pdfbox.pdfparser.COSParser    : The end of the stream doesn't point to the correct offset, using workaround to read the stream, stream start position: 101367, length: 67950, expected end position: 169317
2026-07-28T10:40:25.888+03:00  WARN 5824 --- [ bulk-ingestion] org.apache.pdfbox.pdfparser.COSParser    : The end of the stream doesn't point to the correct offset, using workaround to read the stream, stream start position: 172242, length: 5625, expected end position: 177867
2026-07-28T10:40:25.888+03:00  WARN 5824 --- [ bulk-ingestion] org.apache.pdfbox.pdfparser.COSParser    : The end of the stream doesn't point to the correct offset, using workaround to read the stream, stream start position: 178070, length: 25872, expected end position: 203942
2026-07-28T10:40:25.888+03:00  WARN 5824 --- [ bulk-ingestion] org.apache.pdfbox.pdfparser.COSParser    : The end of the stream doesn't point to the correct offset, using workaround to read the stream, stream start position: 204150, length: 22650, expected end position: 226800
2026-07-28T10:40:26.606+03:00  WARN 5824 --- [locate-indexing] org.apache.pdfbox.pdfparser.COSParser    : The end of the stream doesn't point to the correct offset, using workaround to read the stream, stream start position: 6453, length: 16875, expected end position: 23328
2026-07-28T10:40:26.607+03:00  WARN 5824 --- [locate-indexing] org.apache.pdfbox.pdfparser.COSParser    : The end of the stream doesn't point to the correct offset, using workaround to read the stream, stream start position: 23555, length: 40500, expected end position: 64055
2026-07-28T10:40:27.288+03:00  WARN 5824 --- [locate-indexing] org.apache.pdfbox.pdfparser.COSParser    : The end of the stream doesn't point to the correct offset, using workaround to read the stream, stream start position: 6437, length: 16875, expected end position: 23312
2026-07-28T10:40:27.289+03:00  WARN 5824 --- [locate-indexing] org.apache.pdfbox.pdfparser.COSParser    : The end of the stream doesn't point to the correct offset, using workaround to read the stream, stream start position: 23539, length: 25800, expected end position: 49339
2026-07-28T10:40:27.977+03:00  WARN 5824 --- [locate-indexing] org.apache.fontbox.ttf.PostScriptTable   : No PostScript name data is provided for the font RYRDDG+BaiJamjuree-Regular
2026-07-28T10:40:28.094+03:00  WARN 5824 --- [locate-indexing] org.apache.fontbox.ttf.PostScriptTable   : No PostScript name data is provided for the font WVGHVW+BaiJamjuree-Bold
2026-07-28T10:40:28.100+03:00  WARN 5824 --- [locate-indexing] org.apache.fontbox.ttf.PostScriptTable   : No PostScript name data is provided for the font LJYPXS+BaiJamjuree-SemiBold
2026-07-28T10:40:28.166+03:00  WARN 5824 --- [ bulk-ingestion] org.apache.pdfbox.pdfparser.COSParser    : The end of the stream doesn't point to the correct offset, using workaround to read the stream, stream start position: 8162, length: 16875, expected end position: 25037
2026-07-28T10:40:28.166+03:00  WARN 5824 --- [ bulk-ingestion] org.apache.pdfbox.pdfparser.COSParser    : The end of the stream doesn't point to the correct offset, using workaround to read the stream, stream start position: 25265, length: 77616, expected end position: 102881
2026-07-28T10:40:28.171+03:00  WARN 5824 --- [ bulk-ingestion] org.apache.pdfbox.pdfparser.COSParser    : The end of the stream doesn't point to the correct offset, using workaround to read the stream, stream start position: 105653, length: 5625, expected end position: 111278
2026-07-28T10:40:28.172+03:00  WARN 5824 --- [ bulk-ingestion] org.apache.pdfbox.pdfparser.COSParser    : The end of the stream doesn't point to the correct offset, using workaround to read the stream, stream start position: 111481, length: 25872, expected end position: 137353
2026-07-28T10:40:28.203+03:00  WARN 5824 --- [ bulk-ingestion] org.apache.pdfbox.pdfparser.COSParser    : The end of the stream doesn't point to the correct offset, using workaround to read the stream, stream start position: 13535, length: 16875, expected end position: 30410
2026-07-28T10:40:28.203+03:00  WARN 5824 --- [ bulk-ingestion] org.apache.pdfbox.pdfparser.COSParser    : The end of the stream doesn't point to the correct offset, using workaround to read the stream, stream start position: 30638, length: 77616, expected end position: 108254
2026-07-28T10:40:28.213+03:00  WARN 5824 --- [ bulk-ingestion] org.apache.pdfbox.pdfparser.COSParser    : The end of the stream doesn't point to the correct offset, using workaround to read the stream, stream start position: 108485, length: 16875, expected end position: 125360
2026-07-28T10:40:28.214+03:00  WARN 5824 --- [ bulk-ingestion] org.apache.pdfbox.pdfparser.COSParser    : The end of the stream doesn't point to the correct offset, using workaround to read the stream, stream start position: 129620, length: 5625, expected end position: 135245
2026-07-28T10:40:28.214+03:00  WARN 5824 --- [ bulk-ingestion] org.apache.pdfbox.pdfparser.COSParser    : The end of the stream doesn't point to the correct offset, using workaround to read the stream, stream start position: 135448, length: 25872, expected end position: 161320
2026-07-28T10:40:28.214+03:00  WARN 5824 --- [ bulk-ingestion] org.apache.pdfbox.pdfparser.COSParser    : The end of the stream doesn't point to the correct offset, using workaround to read the stream, stream start position: 161525, length: 5625, expected end position: 167150
2026-07-28T10:40:28.242+03:00  WARN 5824 --- [ bulk-ingestion] org.apache.pdfbox.pdfparser.COSParser    : The end of the stream doesn't point to the correct offset, using workaround to read the stream, stream start position: 10490, length: 16875, expected end position: 27365
2026-07-28T10:40:28.243+03:00  WARN 5824 --- [ bulk-ingestion] org.apache.pdfbox.pdfparser.COSParser    : The end of the stream doesn't point to the correct offset, using workaround to read the stream, stream start position: 27593, length: 77616, expected end position: 105209
2026-07-28T10:40:28.250+03:00  WARN 5824 --- [ bulk-ingestion] org.apache.pdfbox.pdfparser.COSParser    : The end of the stream doesn't point to the correct offset, using workaround to read the stream, stream start position: 105440, length: 16875, expected end position: 122315
2026-07-28T10:40:28.250+03:00  WARN 5824 --- [ bulk-ingestion] org.apache.pdfbox.pdfparser.COSParser    : The end of the stream doesn't point to the correct offset, using workaround to read the stream, stream start position: 125094, length: 5625, expected end position: 130719
2026-07-28T10:40:28.250+03:00  WARN 5824 --- [ bulk-ingestion] org.apache.pdfbox.pdfparser.COSParser    : The end of the stream doesn't point to the correct offset, using workaround to read the stream, stream start position: 130922, length: 25872, expected end position: 156794
2026-07-28T10:40:28.250+03:00  WARN 5824 --- [ bulk-ingestion] org.apache.pdfbox.pdfparser.COSParser    : The end of the stream doesn't point to the correct offset, using workaround to read the stream, stream start position: 156999, length: 5625, expected end position: 162624
2026-07-28T10:40:29.293+03:00  WARN 5824 --- [ bulk-ingestion] org.apache.pdfbox.pdfparser.COSParser    : The end of the stream doesn't point to the correct offset, using workaround to read the stream, stream start position: 6453, length: 16875, expected end position: 23328
2026-07-28T10:40:29.294+03:00  WARN 5824 --- [ bulk-ingestion] org.apache.pdfbox.pdfparser.COSParser    : The end of the stream doesn't point to the correct offset, using workaround to read the stream, stream start position: 23555, length: 40500, expected end position: 64055
2026-07-28T10:40:29.299+03:00  WARN 5824 --- [ bulk-ingestion] org.apache.pdfbox.pdfparser.COSParser    : The end of the stream doesn't point to the correct offset, using workaround to read the stream, stream start position: 66771, length: 5625, expected end position: 72396
2026-07-28T10:40:29.299+03:00  WARN 5824 --- [ bulk-ingestion] org.apache.pdfbox.pdfparser.COSParser    : The end of the stream doesn't point to the correct offset, using workaround to read the stream, stream start position: 72598, length: 13500, expected end position: 86098
2026-07-28T10:40:29.690+03:00  WARN 5824 --- [locate-indexing] o.a.pdfbox.pdmodel.font.PDSimpleFont     : No Unicode mapping for f_i (27) in font HXBOGF+MyriadPro-Cond
2026-07-28T10:40:29.696+03:00  WARN 5824 --- [locate-indexing] o.a.pdfbox.pdmodel.font.PDSimpleFont     : No Unicode mapping for f_i (26) in font YZSMKX+MyriadPro-BoldCond
[ERROR] Failed to execute goal org.springframework.boot:spring-boot-maven-plugin:4.0.6:run (default-cli) on project rag-backend: Process terminated with exit code: 1 -> [Help 1]
[ERROR] 
[ERROR] To see the full stack trace of the errors, re-run Maven with the -e switch.
[ERROR] Re-run Maven using the -X switch to enable full debug logging.
[ERROR] 
[ERROR] For more information about the errors and possible solutions, please read the following articles:
[ERROR] [Help 1] http://cwiki.apache.org/confluence/display/MAVEN/MojoExecutionException
