[INFO] Scanning for projects...
[INFO] 
[INFO] --------------------< com.yasarsafali:rag-backend >---------------------
[INFO] Building  0.0.1-SNAPSHOT
[INFO]   from pom.xml
[INFO] --------------------------------[ jar ]---------------------------------
[INFO] 
[INFO] >>> spring-boot:4.0.6:run (default-cli) > test-compile @ rag-backend >>>
[INFO] 
[INFO] --- resources:3.3.1:resources (default-resources) @ rag-backend ---
[INFO] Copying 2 resources from src\main\resources to target\classes
[INFO] Copying 1 resource from src\main\resources to target\classes
[INFO] 
[INFO] --- compiler:3.14.1:compile (default-compile) @ rag-backend ---
[INFO] Nothing to compile - all classes are up to date.
[INFO] 
[INFO] --- resources:3.3.1:testResources (default-testResources) @ rag-backend ---
[INFO] skip non existing resourceDirectory C:\Users\user80\Desktop\aichatbox\src\test\resources
[INFO] 
[INFO] --- compiler:3.14.1:testCompile (default-testCompile) @ rag-backend ---
[INFO] Nothing to compile - all classes are up to date.
[INFO] 
[INFO] <<< spring-boot:4.0.6:run (default-cli) < test-compile @ rag-backend <<<
[INFO] 
[INFO] 
[INFO] --- spring-boot:4.0.6:run (default-cli) @ rag-backend ---
[INFO] Attaching agents: []

  .   ____          _            __ _ _
 /\\ / ___'_ __ _ _(_)_ __  __ _ \ \ \ \
( ( )\___ | '_ | '_| | '_ \/ _` | \ \ \ \
 \\/  ___)| |_)| | | | | || (_| |  ) ) ) )
  '  |____| .__|_| |_|_| |_\__, | / / / /
 =========|_|==============|___/=/_/_/_/

 :: Spring Boot ::                (v4.0.6)

2026-08-04T14:13:36.431+03:00  INFO 3760 --- [           main] c.y.rag_backend.RagBackendApplication    : Starting RagBackendApplication using Java 21.0.10 with PID 3760 (C:\Users\user80\Desktop\aichatbox\target\classes started by user80 in C:\Users\user80\Desktop\aichatbox)
2026-08-04T14:13:36.438+03:00  INFO 3760 --- [           main] c.y.rag_backend.RagBackendApplication    : No active profile set, falling back to 1 default profile: "default"
2026-08-04T14:13:37.028+03:00  INFO 3760 --- [           main] o.s.boot.tomcat.TomcatWebServer          : Tomcat initialized with port 8080 (http)
2026-08-04T14:13:37.045+03:00  INFO 3760 --- [           main] o.apache.catalina.core.StandardService   : Starting service [Tomcat]
2026-08-04T14:13:37.045+03:00  INFO 3760 --- [           main] o.apache.catalina.core.StandardEngine    : Starting Servlet engine: [Apache Tomcat/11.0.21]
2026-08-04T14:13:37.085+03:00  INFO 3760 --- [           main] b.w.c.s.WebApplicationContextInitializer : Root WebApplicationContext: initialization completed in 623 ms
2026-08-04T14:13:37.462+03:00  INFO 3760 --- [           main] o.s.boot.tomcat.TomcatWebServer          : Tomcat started on port 8080 (http) with context path '/'
2026-08-04T14:13:37.463+03:00  INFO 3760 --- [           main] c.y.rag_backend.RagBackendApplication    : Started RagBackendApplication in 1.286 seconds (process running for 1.495)
2026-08-04T14:13:51.765+03:00  INFO 3760 --- [nio-8080-exec-1] o.a.c.c.C.[Tomcat].[localhost].[/]       : Initializing Spring DispatcherServlet 'dispatcherServlet'
2026-08-04T14:13:51.765+03:00  INFO 3760 --- [nio-8080-exec-1] o.s.web.servlet.DispatcherServlet        : Initializing Servlet 'dispatcherServlet'
2026-08-04T14:13:51.765+03:00  INFO 3760 --- [nio-8080-exec-1] o.s.web.servlet.DispatcherServlet        : Completed initialization in 0 ms
2026-08-04T14:13:53.659+03:00  WARN 3760 --- [pool-2-thread-7] o.a.pdfbox.pdmodel.font.PDSimpleFont     : Unknown encoding: SymbolSetEncoding
2026-08-04T14:15:39.232+03:00  WARN 3760 --- [pool-2-thread-1] org.apache.fontbox.ttf.CmapSubtable      : Format 14 cmap table is not supported and will be ignored
2026-08-04T14:15:39.233+03:00  WARN 3760 --- [pool-2-thread-1] org.apache.fontbox.ttf.CmapSubtable      : Format 14 cmap table is not supported and will be ignored
2026-08-04T14:16:16.377+03:00  WARN 3760 --- [pool-2-thread-2] org.apache.fontbox.ttf.CmapSubtable      : Format 14 cmap table is not supported and will be ignored
2026-08-04T14:16:16.395+03:00  WARN 3760 --- [pool-2-thread-2] org.apache.fontbox.ttf.CmapSubtable      : Format 14 cmap table is not supported and will be ignored
2026-08-04T14:16:42.486+03:00  WARN 3760 --- [pool-2-thread-1] org.apache.fontbox.ttf.CmapSubtable      : Format 14 cmap table is not supported and will be ignored
2026-08-04T14:16:42.487+03:00  WARN 3760 --- [pool-2-thread-1] org.apache.fontbox.ttf.CmapSubtable      : Format 14 cmap table is not supported and will be ignored
2026-08-04T14:17:03.824+03:00  WARN 3760 --- [pool-2-thread-2] org.apache.fontbox.ttf.CmapSubtable      : Format 14 cmap table is not supported and will be ignored
2026-08-04T14:17:03.850+03:00  WARN 3760 --- [pool-2-thread-2] org.apache.fontbox.ttf.CmapSubtable      : Format 14 cmap table is not supported and will be ignored
2026-08-04T14:20:04.713+03:00  WARN 3760 --- [pool-2-thread-1] org.apache.fontbox.ttf.CmapSubtable      : Format 14 cmap table is not supported and will be ignored
2026-08-04T14:20:26.864+03:00  WARN 3760 --- [pool-2-thread-1] org.apache.fontbox.ttf.CmapSubtable      : Format 14 cmap table is not supported and will be ignored
2026-08-04T14:20:36.156+03:00  WARN 3760 --- [pool-2-thread-5] org.apache.fontbox.ttf.CmapSubtable      : Format 14 cmap table is not supported and will be ignored
2026-08-04T14:20:52.641+03:00  WARN 3760 --- [pool-2-thread-5] org.apache.fontbox.ttf.CmapSubtable      : Format 14 cmap table is not supported and will be ignored
2026-08-04T14:22:41.975+03:00  WARN 3760 --- [pool-2-thread-7] o.a.pdfbox.pdmodel.font.PDSimpleFont     : Unknown encoding: SymbolSetEncoding
[INFO] ------------------------------------------------------------------------
[INFO] BUILD FAILURE
[INFO] ------------------------------------------------------------------------
[INFO] Total time:  13:25 min
[INFO] Finished at: 2026-08-04T14:26:59+03:00
[INFO] ------------------------------------------------------------------------
[ERROR] Failed to execute goal org.springframework.boot:spring-boot-maven-plugin:4.0.6:run (default-cli) on project rag-backend: Process terminated with exit code: 1 -> [Help 1]
[ERROR] 
[ERROR] To see the full stack trace of the errors, re-run Maven with the -e switch.
[ERROR] Re-run Maven using the -X switch to enable full debug logging.
[ERROR] 
[ERROR] For more information about the errors and possible solutions, please read the following articles:
[ERROR] [Help 1] http://cwiki.apache.org/confluence/display/MAVEN/MojoExecutionException
